Component: ARM Compiler 5.06 update 5 (build 528) Tool: armlink [4d35e2]

==============================================================================

Section Cross References

    startup_stm32f407xx.o(RESET) refers to startup_stm32f407xx.o(STACK) for __initial_sp
    startup_stm32f407xx.o(RESET) refers to startup_stm32f407xx.o(.text) for Reset_Handler
    startup_stm32f407xx.o(RESET) refers to stm32f4xx_it.o(i.NMI_Handler) for NMI_Handler
    startup_stm32f407xx.o(RESET) refers to stm32f4xx_it.o(i.HardFault_Handler) for HardFault_Handler
    startup_stm32f407xx.o(RESET) refers to stm32f4xx_it.o(i.MemManage_Handler) for MemManage_Handler
    startup_stm32f407xx.o(RESET) refers to stm32f4xx_it.o(i.BusFault_Handler) for BusFault_Handler
    startup_stm32f407xx.o(RESET) refers to stm32f4xx_it.o(i.UsageFault_Handler) for UsageFault_Handler
    startup_stm32f407xx.o(RESET) refers to stm32f4xx_it.o(i.SVC_Handler) for SVC_Handler
    startup_stm32f407xx.o(RESET) refers to stm32f4xx_it.o(i.DebugMon_Handler) for DebugMon_Handler
    startup_stm32f407xx.o(RESET) refers to stm32f4xx_it.o(i.PendSV_Handler) for PendSV_Handler
    startup_stm32f407xx.o(RESET) refers to stm32f4xx_it.o(i.SysTick_Handler) for SysTick_Handler
    startup_stm32f407xx.o(RESET) refers to timer.o(i.TIM3_IRQHandler) for TIM3_IRQHandler
    startup_stm32f407xx.o(RESET) refers to timer.o(i.TIM4_IRQHandler) for TIM4_IRQHandler
    startup_stm32f407xx.o(RESET) refers to stm32f4xx_it.o(i.USART1_IRQHandler) for USART1_IRQHandler
    startup_stm32f407xx.o(RESET) refers to leveling.o(i.USART3_IRQHandler) for USART3_IRQHandler
    startup_stm32f407xx.o(.text) refers to system_stm32f4xx.o(i.SystemInit) for SystemInit
    startup_stm32f407xx.o(.text) refers to entry.o(.ARM.Collect$$$$00000000) for __main
    system_stm32f4xx.o(i.SystemCoreClockUpdate) refers to system_stm32f4xx.o(.data) for SystemCoreClock
    system_stm32f4xx.o(i.SystemCoreClockUpdate) refers to system_stm32f4xx.o(.constdata) for AHBPrescTable
    stm32f4xx_hal.o(i.HAL_DeInit) refers to stm32f4xx_hal_msp_template.o(i.HAL_MspDeInit) for HAL_MspDeInit
    stm32f4xx_hal.o(i.HAL_Delay) refers to delay.o(i.HAL_GetTick) for HAL_GetTick
    stm32f4xx_hal.o(i.HAL_Delay) refers to stm32f4xx_hal.o(.data) for uwTickFreq
    stm32f4xx_hal.o(i.HAL_GetTick) refers to stm32f4xx_hal.o(.data) for uwTick
    stm32f4xx_hal.o(i.HAL_GetTickFreq) refers to stm32f4xx_hal.o(.data) for uwTickFreq
    stm32f4xx_hal.o(i.HAL_GetTickPrio) refers to stm32f4xx_hal.o(.data) for uwTickPrio
    stm32f4xx_hal.o(i.HAL_IncTick) refers to stm32f4xx_hal.o(.data) for uwTick
    stm32f4xx_hal.o(i.HAL_Init) refers to stm32f4xx_hal_cortex.o(i.HAL_NVIC_SetPriorityGrouping) for HAL_NVIC_SetPriorityGrouping
    stm32f4xx_hal.o(i.HAL_Init) refers to delay.o(i.HAL_InitTick) for HAL_InitTick
    stm32f4xx_hal.o(i.HAL_Init) refers to stm32f4xx_hal_msp_template.o(i.HAL_MspInit) for HAL_MspInit
    stm32f4xx_hal.o(i.HAL_InitTick) refers to stm32f4xx_hal_cortex.o(i.HAL_SYSTICK_Config) for HAL_SYSTICK_Config
    stm32f4xx_hal.o(i.HAL_InitTick) refers to stm32f4xx_hal_cortex.o(i.HAL_NVIC_SetPriority) for HAL_NVIC_SetPriority
    stm32f4xx_hal.o(i.HAL_InitTick) refers to stm32f4xx_hal.o(.data) for uwTickFreq
    stm32f4xx_hal.o(i.HAL_InitTick) refers to system_stm32f4xx.o(.data) for SystemCoreClock
    stm32f4xx_hal.o(i.HAL_SetTickFreq) refers to delay.o(i.HAL_InitTick) for HAL_InitTick
    stm32f4xx_hal.o(i.HAL_SetTickFreq) refers to stm32f4xx_hal.o(.data) for uwTickFreq
    stm32f4xx_hal_adc.o(i.ADC_DMAConvCplt) refers to stm32f4xx_hal_adc.o(i.HAL_ADC_ConvCpltCallback) for HAL_ADC_ConvCpltCallback
    stm32f4xx_hal_adc.o(i.ADC_DMAConvCplt) refers to stm32f4xx_hal_adc.o(i.HAL_ADC_ErrorCallback) for HAL_ADC_ErrorCallback
    stm32f4xx_hal_adc.o(i.ADC_DMAError) refers to stm32f4xx_hal_adc.o(i.HAL_ADC_ErrorCallback) for HAL_ADC_ErrorCallback
    stm32f4xx_hal_adc.o(i.ADC_DMAHalfConvCplt) refers to stm32f4xx_hal_adc.o(i.HAL_ADC_ConvHalfCpltCallback) for HAL_ADC_ConvHalfCpltCallback
    stm32f4xx_hal_adc.o(i.HAL_ADC_ConfigChannel) refers to system_stm32f4xx.o(.data) for SystemCoreClock
    stm32f4xx_hal_adc.o(i.HAL_ADC_DeInit) refers to stm32f4xx_hal_adc.o(i.HAL_ADC_MspDeInit) for HAL_ADC_MspDeInit
    stm32f4xx_hal_adc.o(i.HAL_ADC_IRQHandler) refers to stm32f4xx_hal_adc.o(i.HAL_ADC_ConvCpltCallback) for HAL_ADC_ConvCpltCallback
    stm32f4xx_hal_adc.o(i.HAL_ADC_IRQHandler) refers to stm32f4xx_hal_adc_ex.o(i.HAL_ADCEx_InjectedConvCpltCallback) for HAL_ADCEx_InjectedConvCpltCallback
    stm32f4xx_hal_adc.o(i.HAL_ADC_IRQHandler) refers to stm32f4xx_hal_adc.o(i.HAL_ADC_LevelOutOfWindowCallback) for HAL_ADC_LevelOutOfWindowCallback
    stm32f4xx_hal_adc.o(i.HAL_ADC_IRQHandler) refers to stm32f4xx_hal_adc.o(i.HAL_ADC_ErrorCallback) for HAL_ADC_ErrorCallback
    stm32f4xx_hal_adc.o(i.HAL_ADC_Init) refers to stm32f4xx_hal_adc.o(i.HAL_ADC_MspInit) for HAL_ADC_MspInit
[...]
    saved_feedmultiply                       0x20000044   Data           4  communication.o(.data)
    home_all_axis                            0x20000048   Data           1  communication.o(.data)
    tmp_extruder                             0x2000004b   Data           1  communication.o(.data)
    buflen                                   0x20000094   Data           4  communication.o(.data)
    bufindr                                  0x20000098   Data           4  communication.o(.data)
    bufindw                                  0x2000009c   Data           4  communication.o(.data)
    fromsd                                   0x200000a0   Data           8  communication.o(.data)
    strchr_pointer                           0x200000a8   Data           4  communication.o(.data)
    gcode_N                                  0x200000ac   Data           4  communication.o(.data)
    gcode_LastN                              0x200000b0   Data           4  communication.o(.data)
    Stopped_gcode_LastN                      0x200000b4   Data           4  communication.o(.data)
    .data                                    0x200000b8   Section       12  motion_control.o(.data)
    .data                                    0x200000c4   Section      110  planner.o(.data)
    previous_nominal_speed                   0x200000dc   Data           4  planner.o(.data)
    .data                                    0x20000134   Section       72  stepper.o(.data)
    step_loops                               0x20000138   Data           1  stepper.o(.data)
    acceleration_time                        0x2000013c   Data           4  stepper.o(.data)
    deceleration_time                        0x20000140   Data           4  stepper.o(.data)
    timer_nominal                            0x20000144   Data           2  stepper.o(.data)
    acc_step_rate                            0x20000146   Data           2  stepper.o(.data)
    step_loops_nominal                       0x20000148   Data           2  stepper.o(.data)
    out_bits                                 0x2000014a   Data           1  stepper.o(.data)
    counter_x                                0x2000014c   Data           4  stepper.o(.data)
    counter_y                                0x20000150   Data           4  stepper.o(.data)
    counter_z                                0x20000154   Data           4  stepper.o(.data)
    counter_e                                0x20000158   Data           4  stepper.o(.data)
    counter_a                                0x2000015c   Data           4  stepper.o(.data)
    counter_b                                0x20000160   Data           4  stepper.o(.data)
    step_events_completed                    0x20000164   Data           4  stepper.o(.data)
    endstop_x_hit                            0x2000016f   Data           1  stepper.o(.data)
    endstop_y_hit                            0x20000170   Data           1  stepper.o(.data)
    endstop_z_hit                            0x20000171   Data           1  stepper.o(.data)
    old_x_min_endstop                        0x20000172   Data           1  stepper.o(.data)
    old_x_max_endstop                        0x20000173   Data           1  stepper.o(.data)
    old_y_min_endstop                        0x20000174   Data           1  stepper.o(.data)
    old_y_max_endstop                        0x20000175   Data           1  stepper.o(.data)
    old_z_min_endstop                        0x20000176   Data           1  stepper.o(.data)
    old_z_max_endstop                        0x20000177   Data           1  stepper.o(.data)
    led_count                                0x20000178   Data           4  stepper.o(.data)
    .data                                    0x2000017c   Section        4  timer.o(.data)
    time                                     0x2000017c   Data           4  timer.o(.data)
    .data                                    0x20000180   Section       20  leveling.o(.data)
    .data                                    0x20000194   Section        4  stdout.o(.data)
    .data                                    0x20000198   Section        4  errno.o(.data)
    _errno                                   0x20000198   Data           4  errno.o(.data)
    .bss                                     0x2000019c   Section     1256  communication.o(.bss)
    cmdbuffer                                0x20000284   Data        1024  communication.o(.bss)
    .bss                                     0x20000684   Section       12  motion_control.o(.bss)
    .bss                                     0x20000690   Section     1516  planner.o(.bss)
    previous_unit_vec                        0x200006c0   Data          12  planner.o(.bss)
    previous_speed                           0x200006cc   Data          24  planner.o(.bss)
    .bss                                     0x20000c7c   Section      180  stepper.o(.bss)
    .bss                                     0x20000d30   Section      128  usart.o(.bss)
    .bss                                     0x20000db0   Section      128  timer.o(.bss)
    .bss                                     0x20000e30   Section      164  leveling.o(.bss)
    STACK                                    0x20000ed8   Section     1024  startup_stm32f407xx.o(STACK)

    Global Symbols

    Symbol Name                              Value     Ov Type        Size  Object(Section)

    BuildAttributes$$THM_ISAv4$E$P$D$K$B$S$7EM$VFPi3$EXTD16$VFPS$VFMA$PE$A:L22UL41UL21$X:L11$S22US41US21$IEEE1$IW$USESV6$~STKCKD$USESV7$~SHL$OTIME$ROPI$IEEEX$EBA8$MICROLIB$REQ8$PRES8$EABIv2 0x00000000   Number         0  anon$$obj.o ABSOLUTE
    __ARM_use_no_argv                        0x00000000   Number         0  main.o ABSOLUTE
    _printf_a                                0x00000000   Number         0  stubs.o ABSOLUTE
    _printf_c                                0x00000000   Number         0  stubs.o ABSOLUTE
    _printf_charcount                        0x00000000   Number         0  stubs.o ABSOLUTE
    _printf_d                                0x00000000   Number         0  stubs.o ABSOLUTE
    _printf_e                                0x00000000   Number         0  stubs.o ABSOLUTE
    _printf_f                                0x00000000   Number         0  stubs.o ABSOLUTE
    _printf_flags                            0x00000000   Number         0  stubs.o ABSOLUTE
    _printf_fp_dec                           0x00000000   Number         0  stubs.o ABSOLUTE
    _printf_fp_hex                           0x00000000   Number         0  stubs.o ABSOLUTE
    _printf_g                                0x00000000   Number         0  stubs.o ABSOLUTE
    _printf_i                                0x00000000   Number         0  stubs.o ABSOLUTE
    _printf_int_dec                          0x00000000   Number         0  stubs.o ABSOLUTE
    _printf_l                                0x00000000   Number         0  stubs.o ABSOLUTE
    _printf_lc                               0x00000000   Number         0  stubs.o ABSOLUTE
    _printf_ll                               0x00000000   Number         0  stubs.o ABSOLUTE
    _printf_lld                              0x00000000   Number         0  stubs.o ABSOLUTE
    _printf_lli                              0x00000000   Number         0  stubs.o ABSOLUTE
    _printf_llo                              0x00000000   Number         0  stubs.o ABSOLUTE
    _printf_llu                              0x00000000   Number         0  stubs.o ABSOLUTE
    _printf_llx                              0x00000000   Number         0  stubs.o ABSOLUTE
    _printf_longlong_dec                     0x00000000   Number         0  stubs.o ABSOLUTE
    _printf_longlong_hex                     0x00000000   Number         0  stubs.o ABSOLUTE
    _printf_longlong_oct                     0x00000000   Number         0  stubs.o ABSOLUTE
    _printf_ls                               0x00000000   Number         0  stubs.o ABSOLUTE
    _printf_mbtowc                           0x00000000   Number         0  stubs.o ABSOLUTE
    _printf_n                                0x00000000   Number         0  stubs.o ABSOLUTE
    _printf_o                                0x00000000   Number         0  stubs.o ABSOLUTE
    _printf_p                                0x00000000   Number         0  stubs.o ABSOLUTE
    _printf_percent                          0x00000000   Number         0  stubs.o ABSOLUTE
    _printf_pre_padding                      0x00000000   Number         0  stubs.o ABSOLUTE
    _printf_return_value                     0x00000000   Number         0  stubs.o ABSOLUTE
    _printf_s                                0x00000000   Number         0  stubs.o ABSOLUTE
    _printf_sizespec                         0x00000000   Number         0  stubs.o ABSOLUTE
    _printf_str                              0x00000000   Number         0  stubs.o ABSOLUTE
    _printf_truncate_signed                  0x00000000   Number         0  stubs.o ABSOLUTE
    _printf_truncate_unsigned                0x00000000   Number         0  stubs.o ABSOLUTE
    _printf_u                                0x00000000   Number         0  stubs.o ABSOLUTE
    _printf_wc                               0x00000000   Number         0  stubs.o ABSOLUTE
    _printf_wctomb                           0x00000000   Number         0  stubs.o ABSOLUTE
    _printf_widthprec                        0x00000000   Number         0  stubs.o ABSOLUTE
    _printf_x                                0x00000000   Number         0  stubs.o ABSOLUTE
    __cpp_initialize__aeabi_                  - Undefined Weak Reference
    __cxa_finalize                            - Undefined Weak Reference
    _clock_init                               - Undefined Weak Reference
    _microlib_exit                            - Undefined Weak Reference
    __Vectors_Size                           0x00000188   Number         0  startup_stm32f407xx.o ABSOLUTE
    __Vectors                                0x08000000   Data           4  startup_stm32f407xx.o(RESET)
    __Vectors_End                            0x08000188   Data           0  startup_stm32f407xx.o(RESET)
    __main                                   0x08000189   Thumb Code     0  entry.o(.ARM.Collect$$$$00000000)
    _main_stk                                0x08000189   Thumb Code     0  entry2.o(.ARM.Collect$$$$00000001)
    _main_scatterload                        0x0800018d   Thumb Code     0  entry5.o(.ARM.Collect$$$$00000004)
    __main_after_scatterload                 0x08000191   Thumb Code     0  entry5.o(.ARM.Collect$$$$00000004)
    _main_clock                              0x08000191   Thumb Code     0  entry7b.o(.ARM.Collect$$$$00000008)
    _main_cpp_init                           0x08000191   Thumb Code     0  entry8b.o(.ARM.Collect$$$$0000000A)
    _main_init                               0x08000191   Thumb Code     0  entry9a.o(.ARM.Collect$$$$0000000B)
    __rt_final_cpp                           0x08000199   Thumb Code     0  entry10a.o(.ARM.Collect$$$$0000000D)
    __rt_final_exit                          0x08000199   Thumb Code     0  entry11a.o(.ARM.Collect$$$$0000000F)
    Reset_Handler                            0x0800019d   Thumb Code     8  startup_stm32f407xx.o(.text)
    ADC_IRQHandler                           0x080001b7   Thumb Code     0  startup_stm32f407xx.o(.text)
    CAN1_RX0_IRQHandler                      0x080001b7   Thumb Code     0  startup_stm32f407xx.o(.text)
    CAN1_RX1_IRQHandler                      0x080001b7   Thumb Code     0  startup_stm32f407xx.o(.text)
    CAN1_SCE_IRQHandler                      0x080001b7   Thumb Code     0  startup_stm32f407xx.o(.text)
    CAN1_TX_IRQHandler                       0x080001b7   Thumb Code     0  startup_stm32f407xx.o(.text)
    CAN2_RX0_IRQHandler                      0x080001b7   Thumb Code     0  startup_stm32f407xx.o(.text)
    CAN2_RX1_IRQHandler                      0x080001b7   Thumb Code     0  startup_stm32f407xx.o(.text)
    CAN2_SCE_IRQHandler                      0x080001b7   Thumb Code     0  startup_stm32f407xx.o(.text)
    CAN2_TX_IRQHandler                       0x080001b7   Thumb Code     0  startup_stm32f407xx.o(.text)
    DCMI_IRQHandler                          0x080001b7   Thumb Code     0  startup_stm32f407xx.o(.text)
    DMA1_Stream0_IRQHandler                  0x080001b7   Thumb Code     0  startup_stm32f407xx.o(.text)
    DMA1_Stream1_IRQHandler                  0x080001b7   Thumb Code     0  startup_stm32f407xx.o(.text)
    DMA1_Stream2_IRQHandler                  0x080001b7   Thumb Code     0  startup_stm32f407xx.o(.text)
    DMA1_Stream3_IRQHandler                  0x080001b7   Thumb Code     0  startup_stm32f407xx.o(.text)
    DMA1_Stream4_IRQHandler                  0x080001b7   Thumb Code     0  startup_stm32f407xx.o(.text)
    DMA1_Stream5_IRQHandler                  0x080001b7   Thumb Code     0  startup_stm32f407xx.o(.text)
    DMA1_Stream6_IRQHandler                  0x080001b7   Thumb Code     0  startup_stm32f407xx.o(.text)
    DMA1_Stream7_IRQHandler                  0x080001b7   Thumb Code     0  startup_stm32f407xx.o(.text)
    DMA2_Stream0_IRQHandler                  0x080001b7   Thumb Code     0  startup_stm32f407xx.o(.text)
    DMA2_Stream1_IRQHandler                  0x080001b7   Thumb Code     0  startup_stm32f407xx.o(.text)
    DMA2_Stream2_IRQHandler                  0x080001b7   Thumb Code     0  startup_stm32f407xx.o(.text)
    DMA2_Stream3_IRQHandler                  0x080001b7   Thumb Code     0  startup_stm32f407xx.o(.text)
    DMA2_Stream4_IRQHandler                  0x080001b7   Thumb Code     0  startup_stm32f407xx.o(.text)
    DMA2_Stream5_IRQHandler                  0x080001b7   Thumb Code     0  startup_stm32f407xx.o(.text)
    DMA2_Stream6_IRQHandler                  0x080001b7   Thumb Code     0  startup_stm32f407xx.o(.text)
    DMA2_Stream7_IRQHandler                  0x080001b7   Thumb Code     0  startup_stm32f407xx.o(.text)
    ETH_IRQHandler                           0x080001b7   Thumb Code     0  startup_stm32f407xx.o(.text)
    ETH_WKUP_IRQHandler                      0x080001b7   Thumb Code     0  startup_stm32f407xx.o(.text)
    EXTI0_IRQHandler                         0x080001b7   Thumb Code     0  startup_stm32f407xx.o(.text)
    EXTI15_10_IRQHandler                     0x080001b7   Thumb Code     0  startup_stm32f407xx.o(.text)
    EXTI1_IRQHandler                         0x080001b7   Thumb Code     0  startup_stm32f407xx.o(.text)
    EXTI2_IRQHandler                         0x080001b7   Thumb Code     0  startup_stm32f407xx.o(.text)
    EXTI3_IRQHandler                         0x080001b7   Thumb Code     0  startup_stm32f407xx.o(.text)
    EXTI4_IRQHandler                         0x080001b7   Thumb Code     0  startup_stm32f407xx.o(.text)
    EXTI9_5_IRQHandler                       0x080001b7   Thumb Code     0  startup_stm32f407xx.o(.text)
    FLASH_IRQHandler                         0x080001b7   Thumb Code     0  startup_stm32f407xx.o(.text)
    FMC_IRQHandler                           0x080001b7   Thumb Code     0  startup_stm32f407xx.o(.text)
    FPU_IRQHandler                           0x080001b7   Thumb Code     0  startup_stm32f407xx.o(.text)
    HASH_RNG_IRQHandler                      0x080001b7   Thumb Code     0  startup_stm32f407xx.o(.text)
    I2C1_ER_IRQHandler                       0x080001b7   Thumb Code     0  startup_stm32f407xx.o(.text)
    I2C1_EV_IRQHandler                       0x080001b7   Thumb Code     0  startup_stm32f407xx.o(.text)
    I2C2_ER_IRQHandler                       0x080001b7   Thumb Code     0  startup_stm32f407xx.o(.text)
    I2C2_EV_IRQHandler                       0x080001b7   Thumb Code     0  startup_stm32f407xx.o(.text)
    I2C3_ER_IRQHandler                       0x080001b7   Thumb Code     0  startup_stm32f407xx.o(.text)
    I2C3_EV_IRQHandler                       0x080001b7   Thumb Code     0  startup_stm32f407xx.o(.text)
    OTG_FS_IRQHandler                        0x080001b7   Thumb Code     0  startup_stm32f407xx.o(.text)
    OTG_FS_WKUP_IRQHandler                   0x080001b7   Thumb Code     0  startup_stm32f407xx.o(.text)
    OTG_HS_EP1_IN_IRQHandler                 0x080001b7   Thumb Code     0  startup_stm32f407xx.o(.text)
    OTG_HS_EP1_OUT_IRQHandler                0x080001b7   Thumb Code     0  startup_stm32f407xx.o(.text)
    OTG_HS_IRQHandler                        0x080001b7   Thumb Code     0  startup_stm32f407xx.o(.text)
    OTG_HS_WKUP_IRQHandler                   0x080001b7   Thumb Code     0  startup_stm32f407xx.o(.text)
    PVD_IRQHandler                           0x080001b7   Thumb Code     0  startup_stm32f407xx.o(.text)
    RCC_IRQHandler                           0x080001b7   Thumb Code     0  startup_stm32f407xx.o(.text)
    RTC_Alarm_IRQHandler                     0x080001b7   Thumb Code     0  startup_stm32f407xx.o(.text)
    RTC_WKUP_IRQHandler                      0x080001b7   Thumb Code     0  startup_stm32f407xx.o(.text)
    SDIO_IRQHandler                          0x080001b7   Thumb Code     0  startup_stm32f407xx.o(.text)
    SPI1_IRQHandler                          0x080001b7   Thumb Code     0  startup_stm32f407xx.o(.text)
    SPI2_IRQHandler                          0x080001b7   Thumb Code     0  startup_stm32f407xx.o(.text)
    SPI3_IRQHandler                          0x080001b7   Thumb Code     0  startup_stm32f407xx.o(.text)
    TAMP_STAMP_IRQHandler                    0x080001b7   Thumb Code     0  startup_stm32f407xx.o(.text)
    TIM1_BRK_TIM9_IRQHandler                 0x080001b7   Thumb Code     0  startup_stm32f407xx.o(.text)
    TIM1_CC_IRQHandler                       0x080001b7   Thumb Code     0  startup_stm32f407xx.o(.text)
    TIM1_TRG_COM_TIM11_IRQHandler            0x080001b7   Thumb Code     0  startup_stm32f407xx.o(.text)
    TIM1_UP_TIM10_IRQHandler                 0x080001b7   Thumb Code     0  startup_stm32f407xx.o(.text)
    TIM2_IRQHandler                          0x080001b7   Thumb Code     0  startup_stm32f407xx.o(.text)
    TIM5_IRQHandler                          0x080001b7   Thumb Code     0  startup_stm32f407xx.o(.text)
    TIM6_DAC_IRQHandler                      0x080001b7   Thumb Code     0  startup_stm32f407xx.o(.text)
    TIM7_IRQHandler                          0x080001b7   Thumb Code     0  startup_stm32f407xx.o(.text)
    TIM8_BRK_TIM12_IRQHandler                0x080001b7   Thumb Code     0  startup_stm32f407xx.o(.text)
    TIM8_CC_IRQHandler                       0x080001b7   Thumb Code     0  startup_stm32f407xx.o(.text)
    TIM8_TRG_COM_TIM14_IRQHandler            0x080001b7   Thumb Code     0  startup_stm32f407xx.o(.text)
    TIM8_UP_TIM13_IRQHandler                 0x080001b7   Thumb Code     0  startup_stm32f407xx.o(.text)
    UART4_IRQHandler                         0x080001b7   Thumb Code     0  startup_stm32f407xx.o(.text)
    UART5_IRQHandler                         0x080001b7   Thumb Code     0  startup_stm32f407xx.o(.text)
    USART2_IRQHandler                        0x080001b7   Thumb Code     0  startup_stm32f407xx.o(.text)
    USART6_IRQHandler                        0x080001b7   Thumb Code     0  startup_stm32f407xx.o(.text)
    WWDG_IRQHandler                          0x080001b7   Thumb Code     0  startup_stm32f407xx.o(.text)
    __aeabi_uldivmod                         0x080001c1   Thumb Code    98  uldiv.o(.text)
    __aeabi_memset                           0x08000223   Thumb Code    14  memseta.o(.text)
    __aeabi_memset4                          0x08000223   Thumb Code     0  memseta.o(.text)
    __aeabi_memset8                          0x08000223   Thumb Code     0  memseta.o(.text)
    __aeabi_memclr                           0x08000231   Thumb Code     4  memseta.o(.text)
    __aeabi_memclr4                          0x08000231   Thumb Code     0  memseta.o(.text)
    __aeabi_memclr8                          0x08000231   Thumb Code     0  memseta.o(.text)
    _memset$wrapper                          0x08000235   Thumb Code    18  memseta.o(.text)
    strstr                                   0x08000247   Thumb Code    36  strstr.o(.text)
    strchr                                   0x0800026b   Thumb Code    20  strchr.o(.text)
    strtol                                   0x0800027f   Thumb Code   112  strtol.o(.text)
    __aeabi_dadd                             0x080002ef   Thumb Code   322  dadd.o(.text)
    __aeabi_dsub                             0x08000431   Thumb Code     6  dadd.o(.text)
    __aeabi_drsub                            0x08000437   Thumb Code     6  dadd.o(.text)
    __aeabi_dmul                             0x0800043d   Thumb Code   228  dmul.o(.text)
    __aeabi_ddiv                             0x08000521   Thumb Code   222  ddiv.o(.text)
    __aeabi_i2d                              0x080005ff   Thumb Code    34  dflti.o(.text)
    __aeabi_d2iz                             0x08000621   Thumb Code    62  dfixi.o(.text)
    __aeabi_d2uiz                            0x0800065f   Thumb Code    50  dfixui.o(.text)
    __aeabi_f2d                              0x08000691   Thumb Code    38  f2d.o(.text)
    __aeabi_cdcmpeq                          0x080006b9   Thumb Code     0  cdcmple.o(.text)
    __aeabi_cdcmple                          0x080006b9   Thumb Code    48  cdcmple.o(.text)
    __aeabi_cdrcmple                         0x080006e9   Thumb Code    48  cdrcmple.o(.text)
    __aeabi_d2f                              0x08000719   Thumb Code    56  d2f.o(.text)
    __aeabi_uidiv                            0x08000751   Thumb Code     0  uidiv.o(.text)
    __aeabi_uidivmod                         0x08000751   Thumb Code    44  uidiv.o(.text)
    __aeabi_llsl                             0x0800077d   Thumb Code    30  llshl.o(.text)
    _ll_shift_l                              0x0800077d   Thumb Code     0  llshl.o(.text)
    __aeabi_llsr                             0x0800079b   Thumb Code    32  llushr.o(.text)
    _ll_ushift_r                             0x0800079b   Thumb Code     0  llushr.o(.text)
    __aeabi_lasr                             0x080007bb   Thumb Code    36  llsshr.o(.text)
    _ll_sshift_r                             0x080007bb   Thumb Code     0  llsshr.o(.text)
    __rt_ctype_table                         0x080007e1   Thumb Code     4  ctype_o.o(.text)
    isspace                                  0x080007e9   Thumb Code    18  isspace_o.o(.text)
    _strtoul                                 0x080007fb   Thumb Code   158  _strtoul.o(.text)
    __strtod_int                             0x080008cf   Thumb Code    90  strtod.o(.text)
    __I$use$fp                               0x08000935   Thumb Code     0  iusefp.o(.text)
    _float_round                             0x08000935   Thumb Code    18  fepilogue.o(.text)
    _float_epilogue                          0x08000947   Thumb Code    92  fepilogue.o(.text)
    _double_round                            0x080009a3   Thumb Code    30  depilogue.o(.text)
    _double_epilogue                         0x080009c1   Thumb Code   156  depilogue.o(.text)
    __ARM_scalbn                             0x08000a5d   Thumb Code    46  dscalb.o(.text)
    scalbn                                   0x08000a5d   Thumb Code     0  dscalb.o(.text)
    _dsqrt                                   0x08000a8b   Thumb Code   162  dsqrt.o(.text)
    _drnd                                    0x08000b2d   Thumb Code   132  drnd.o(.text)
    __aeabi_d2ulz                            0x08000bb5   Thumb Code    48  dfixul.o(.text)
    _dfix_r                                  0x08000be5   Thumb Code   168  dfixir.o(.text)
    __scatterload                            0x08000c8d   Thumb Code    28  init.o(.text)
    __scatterload_rt2                        0x08000c8d   Thumb Code     0  init.o(.text)
    _chval                                   0x08000cb1   Thumb Code    28  _chval.o(.text)
    _scanf_real                              0x08000df5   Thumb Code     0  scanf_fp.o(.text)
    _scanf_really_real                       0x08000df5   Thumb Code   556  scanf_fp.o(.text)
    _sgetc                                   0x0800102d   Thumb Code    30  _sgetc.o(.text)
    _sbackspace                              0x0800104b   Thumb Code    34  _sgetc.o(.text)
    __aeabi_ui2d                             0x0800106d   Thumb Code    26  dfltui.o(.text)
    __aeabi_ul2d                             0x08001087   Thumb Code    24  dfltul.o(.text)
    __decompress                             0x0800109f   Thumb Code     0  __dczerorl2.o(.text)
    __decompress1                            0x0800109f   Thumb Code    86  __dczerorl2.o(.text)
    BusFault_Handler                         0x080010f5   Thumb Code     4  stm32f4xx_it.o(i.BusFault_Handler)
    CPU_TS_TmrRd                             0x080010f9   Thumb Code     6  delay.o(i.CPU_TS_TmrRd)
    CPU_TS_Tmr_Delay_US                      0x08001105   Thumb Code    76  delay.o(i.CPU_TS_Tmr_Delay_US)
    ClearToSend                              0x08001155   Thumb Code    16  communication.o(i.ClearToSend)
    DebugMon_Handler                         0x0800116d   Thumb Code     2  stm32f4xx_it.o(i.DebugMon_Handler)
    FlushSerialRequestResend                 0x08001171   Thumb Code    30  communication.o(i.FlushSerialRequestResend)
    HAL_DMA_Abort_IT                         0x080011a5   Thumb Code    40  stm32f4xx_hal_dma.o(i.HAL_DMA_Abort_IT)
    HAL_GPIO_Init                            0x080011cd   Thumb Code   466  stm32f4xx_hal_gpio.o(i.HAL_GPIO_Init)
    HAL_GetTick                              0x080013cd   Thumb Code    18  delay.o(i.HAL_GetTick)
    HAL_IncTick                              0x080013e9   Thumb Code    16  stm32f4xx_hal.o(i.HAL_IncTick)
    HAL_InitTick                             0x08001401   Thumb Code    34  delay.o(i.HAL_InitTick)
    HAL_NVIC_EnableIRQ                       0x0800142d   Thumb Code    32  stm32f4xx_hal_cortex.o(i.HAL_NVIC_EnableIRQ)
    HAL_NVIC_SetPriority                     0x0800144d   Thumb Code   124  stm32f4xx_hal_cortex.o(i.HAL_NVIC_SetPriority)
    HAL_RCC_ClockConfig                      0x080014c9   Thumb Code   366  stm32f4xx_hal_rcc.o(i.HAL_RCC_ClockConfig)
    HAL_RCC_GetHCLKFreq                      0x08001649   Thumb Code     6  stm32f4xx_hal_rcc.o(i.HAL_RCC_GetHCLKFreq)
    HAL_RCC_GetPCLK1Freq                     0x08001655   Thumb Code    22  stm32f4xx_hal_rcc.o(i.HAL_RCC_GetPCLK1Freq)
    HAL_RCC_GetPCLK2Freq                     0x08001675   Thumb Code    22  stm32f4xx_hal_rcc.o(i.HAL_RCC_GetPCLK2Freq)
    HAL_RCC_GetSysClockFreq                  0x08001695   Thumb Code   162  stm32f4xx_hal_rcc.o(i.HAL_RCC_GetSysClockFreq)
    HAL_RCC_OscConfig                        0x08001745   Thumb Code  1086  stm32f4xx_hal_rcc.o(i.HAL_RCC_OscConfig)
    HAL_TIMEx_BreakCallback                  0x08001b8d   Thumb Code     2  stm32f4xx_hal_tim_ex.o(i.HAL_TIMEx_BreakCallback)
    HAL_TIMEx_CommutCallback                 0x08001b8f   Thumb Code     2  stm32f4xx_hal_tim_ex.o(i.HAL_TIMEx_CommutCallback)
    HAL_TIM_Base_Init                        0x08001b91   Thumb Code    52  stm32f4xx_hal_tim.o(i.HAL_TIM_Base_Init)
    HAL_TIM_Base_MspInit                     0x08001bc5   Thumb Code     2  stm32f4xx_hal_tim.o(i.HAL_TIM_Base_MspInit)
    HAL_TIM_Base_Start_IT                    0x08001bc7   Thumb Code    42  stm32f4xx_hal_tim.o(i.HAL_TIM_Base_Start_IT)
    HAL_TIM_IC_CaptureCallback               0x08001bf1   Thumb Code     2  stm32f4xx_hal_tim.o(i.HAL_TIM_IC_CaptureCallback)
    HAL_TIM_IRQHandler                       0x08001bf3   Thumb Code   406  stm32f4xx_hal_tim.o(i.HAL_TIM_IRQHandler)
    HAL_TIM_OC_DelayElapsedCallback          0x08001d89   Thumb Code     2  stm32f4xx_hal_tim.o(i.HAL_TIM_OC_DelayElapsedCallback)
    HAL_TIM_PWM_PulseFinishedCallback        0x08001d8b   Thumb Code     2  stm32f4xx_hal_tim.o(i.HAL_TIM_PWM_PulseFinishedCallback)
    HAL_TIM_PeriodElapsedCallback            0x08001d8d   Thumb Code    34  timer.o(i.HAL_TIM_PeriodElapsedCallback)
    HAL_TIM_TriggerCallback                  0x08001dbd   Thumb Code     2  stm32f4xx_hal_tim.o(i.HAL_TIM_TriggerCallback)
    HAL_UART_ErrorCallback                   0x08001dc1   Thumb Code    54  usart.o(i.HAL_UART_ErrorCallback)
    HAL_UART_IRQHandler                      0x08001dfd   Thumb Code   328  stm32f4xx_hal_uart.o(i.HAL_UART_IRQHandler)
    HAL_UART_Init                            0x08001f49   Thumb Code   114  stm32f4xx_hal_uart.o(i.HAL_UART_Init)
    HAL_UART_MspInit                         0x08001fbd   Thumb Code   180  usart.o(i.HAL_UART_MspInit)
    HAL_UART_Receive                         0x08002079   Thumb Code   222  stm32f4xx_hal_uart.o(i.HAL_UART_Receive)
    HAL_UART_RxCpltCallback                  0x08002157   Thumb Code     2  usart.o(i.HAL_UART_RxCpltCallback)
    HAL_UART_Transmit                        0x08002159   Thumb Code   214  stm32f4xx_hal_uart.o(i.HAL_UART_Transmit)
    HAL_UART_TxCpltCallback                  0x0800222f   Thumb Code     2  stm32f4xx_hal_uart.o(i.HAL_UART_TxCpltCallback)
    HardFault_Handler                        0x08002231   Thumb Code     4  stm32f4xx_it.o(i.HardFault_Handler)
    LED_GPIO_Config                          0x08002235   Thumb Code   218  led.o(i.LED_GPIO_Config)
    MemManage_Handler                        0x08002329   Thumb Code     4  stm32f4xx_it.o(i.MemManage_Handler)
    NMI_Handler                              0x0800232d   Thumb Code     2  stm32f4xx_it.o(i.NMI_Handler)
    PendSV_Handler                           0x0800232f   Thumb Code     2  stm32f4xx_it.o(i.PendSV_Handler)
    SERIAL_USART_Config                      0x08002331   Thumb Code    48  usart.o(i.SERIAL_USART_Config)
    SVC_Handler                              0x08002369   Thumb Code     2  stm32f4xx_it.o(i.SVC_Handler)
    SysTick_Handler                          0x0800236b   Thumb Code     8  stm32f4xx_it.o(i.SysTick_Handler)
    SystemClock_Config                       0x08002375   Thumb Code   172  main.o(i.SystemClock_Config)
    SystemInit                               0x08002429   Thumb Code    68  system_stm32f4xx.o(i.SystemInit)
    TIM3_IRQHandler                          0x0800247d   Thumb Code    10  timer.o(i.TIM3_IRQHandler)
    TIM4_IRQHandler                          0x0800248d   Thumb Code    10  timer.o(i.TIM4_IRQHandler)
    TIM_Base_SetConfig                       0x0800249d   Thumb Code   170  stm32f4xx_hal_tim.o(i.TIM_Base_SetConfig)
    USART1_IRQHandler                        0x08002b69   Thumb Code    48  stm32f4xx_it.o(i.USART1_IRQHandler)
    USART3_IRQHandler                        0x08002ba1   Thumb Code    92  leveling.o(i.USART3_IRQHandler)
    UsageFault_Handler                       0x08002c25   Thumb Code     4  stm32f4xx_it.o(i.UsageFault_Handler)
    __0printf                                0x08002c29   Thumb Code    22  printfa.o(i.__0printf)
    __1printf                                0x08002c29   Thumb Code     0  printfa.o(i.__0printf)
    __2printf                                0x08002c29   Thumb Code     0  printfa.o(i.__0printf)
    __c89printf                              0x08002c29   Thumb Code     0  printfa.o(i.__0printf)
    printf                                   0x08002c29   Thumb Code     0  printfa.o(i.__0printf)
    __ARM_fpclassify                         0x08002c49   Thumb Code    48  fpclassify.o(i.__ARM_fpclassify)
    __aeabi_errno_addr                       0x08002cb1   Thumb Code     4  errno.o(i.__aeabi_errno_addr)
    __rt_errno_addr                          0x08002cb1   Thumb Code     0  errno.o(i.__aeabi_errno_addr)
    __hardfp_acos                            0x08002cb9   Thumb Code   738  acos.o(i.__hardfp_acos)
    __hardfp_atan                            0x08003011   Thumb Code   622  atan.o(i.__hardfp_atan)
    __hardfp_atan2                           0x080032e9   Thumb Code   432  atan2.o(i.__hardfp_atan2)
    __hardfp_ceil                            0x080034d9   Thumb Code   252  ceil.o(i.__hardfp_ceil)
    __hardfp_cos                             0x080035f1   Thumb Code   180  cos.o(i.__hardfp_cos)
    __hardfp_fabs                            0x080036b9   Thumb Code    20  fabs.o(i.__hardfp_fabs)
    __hardfp_floor                           0x080036d1   Thumb Code   252  floor.o(i.__hardfp_floor)
    __hardfp_hypot                           0x080037e9   Thumb Code   846  hypot.o(i.__hardfp_hypot)
    __hardfp_lround                          0x08003b61   Thumb Code   210  lround.o(i.__hardfp_lround)
    __hardfp_pow                             0x08003c61   Thumb Code  3072  pow.o(i.__hardfp_pow)
    __hardfp_sin                             0x080048b1   Thumb Code   180  sin.o(i.__hardfp_sin)
    __hardfp_sqrt                            0x08004979   Thumb Code   122  sqrt.o(i.__hardfp_sqrt)
    __hardfp_strtod                          0x080049f9   Thumb Code    30  strtod.o(i.__hardfp_strtod)
    __ieee754_rem_pio2                       0x08004a21   Thumb Code   938  rred.o(i.__ieee754_rem_pio2)
    __kernel_cos                             0x08004e59   Thumb Code   322  cos_i.o(i.__kernel_cos)
    __kernel_poly                            0x08004fc9   Thumb Code   248  poly.o(i.__kernel_poly)
    __kernel_sin                             0x080050c1   Thumb Code   280  sin_i.o(i.__kernel_sin)
    __mathlib_dbl_divzero                    0x080051f1   Thumb Code    28  dunder.o(i.__mathlib_dbl_divzero)
    __mathlib_dbl_infnan                     0x08005221   Thumb Code    20  dunder.o(i.__mathlib_dbl_infnan)
    __mathlib_dbl_infnan2                    0x08005235   Thumb Code    20  dunder.o(i.__mathlib_dbl_infnan2)
    __mathlib_dbl_invalid                    0x08005249   Thumb Code    24  dunder.o(i.__mathlib_dbl_invalid)
    __mathlib_dbl_overflow                   0x08005269   Thumb Code    24  dunder.o(i.__mathlib_dbl_overflow)
    __mathlib_dbl_underflow                  0x08005289   Thumb Code    24  dunder.o(i.__mathlib_dbl_underflow)
    __scatterload_copy                       0x080052a9   Thumb Code    14  handlers.o(i.__scatterload_copy)
    __scatterload_null                       0x080052b7   Thumb Code     2  handlers.o(i.__scatterload_null)
    __scatterload_zeroinit                   0x080052b9   Thumb Code    14  handlers.o(i.__scatterload_zeroinit)
    __set_errno                              0x080052c9   Thumb Code     6  errno.o(i.__set_errno)
    _is_digit                                0x08005459   Thumb Code    14  scanf_fp.o(i._is_digit)
    atan                                     0x08005b97   Thumb Code    16  atan.o(i.atan)
    blocks_queued                            0x08005c2d   Thumb Code    20  planner.o(i.blocks_queued)
    bsp_command_process                      0x08005c49   Thumb Code     8  connect_bsp.o(i.bsp_command_process)
    bsp_create_one_a_axis_step               0x08005c51   Thumb Code    26  connect_bsp.o(i.bsp_create_one_a_axis_step)
    bsp_create_one_b_axis_step               0x08005c75   Thumb Code    26  connect_bsp.o(i.bsp_create_one_b_axis_step)
    bsp_create_one_e_axis_step               0x08005c99   Thumb Code    18  connect_bsp.o(i.bsp_create_one_e_axis_step)
    bsp_create_one_x_axis_step               0x08005cb1   Thumb Code    26  connect_bsp.o(i.bsp_create_one_x_axis_step)
    bsp_create_one_y_axis_step               0x08005cd5   Thumb Code    26  connect_bsp.o(i.bsp_create_one_y_axis_step)
    bsp_create_one_z_axis_step               0x08005cf9   Thumb Code    26  connect_bsp.o(i.bsp_create_one_z_axis_step)
    bsp_disable_a_stepper                    0x08005d1d   Thumb Code     8  connect_bsp.o(i.bsp_disable_a_stepper)
    bsp_disable_b_stepper                    0x08005d29   Thumb Code     8  connect_bsp.o(i.bsp_disable_b_stepper)
    bsp_disable_e_stepper                    0x08005d35   Thumb Code     8  connect_bsp.o(i.bsp_disable_e_stepper)
    bsp_disable_x_stepper                    0x08005d41   Thumb Code     8  connect_bsp.o(i.bsp_disable_x_stepper)
    bsp_disable_y_stepper                    0x08005d4d   Thumb Code     8  connect_bsp.o(i.bsp_disable_y_stepper)
    bsp_disable_z_stepper                    0x08005d59   Thumb Code     8  connect_bsp.o(i.bsp_disable_z_stepper)
    bsp_enable_a_stepper                     0x08005d65   Thumb Code     8  connect_bsp.o(i.bsp_enable_a_stepper)
    bsp_enable_b_stepper                     0x08005d71   Thumb Code     8  connect_bsp.o(i.bsp_enable_b_stepper)
    bsp_enable_e_stepper                     0x08005d7d   Thumb Code     8  connect_bsp.o(i.bsp_enable_e_stepper)
    bsp_enable_x_stepper                     0x08005d89   Thumb Code     8  connect_bsp.o(i.bsp_enable_x_stepper)
    bsp_enable_y_stepper                     0x08005d95   Thumb Code     8  connect_bsp.o(i.bsp_enable_y_stepper)
    bsp_enable_z_stepper                     0x08005da1   Thumb Code     8  connect_bsp.o(i.bsp_enable_z_stepper)
    bsp_get_timer_ms                         0x08005dad   Thumb Code    12  connect_bsp.o(i.bsp_get_timer_ms)
    bsp_get_x_axis_max_endstop               0x08005db9   Thumb Code    18  connect_bsp.o(i.bsp_get_x_axis_max_endstop)
    bsp_get_x_axis_min_endstop               0x08005dd1   Thumb Code    18  connect_bsp.o(i.bsp_get_x_axis_min_endstop)
    bsp_get_x_axis_zero_endstop              0x08005de9   Thumb Code    18  connect_bsp.o(i.bsp_get_x_axis_zero_endstop)
    bsp_get_y_axis_max_endstop               0x08005e01   Thumb Code    18  connect_bsp.o(i.bsp_get_y_axis_max_endstop)
    bsp_get_y_axis_min_endstop               0x08005e19   Thumb Code    18  connect_bsp.o(i.bsp_get_y_axis_min_endstop)
    bsp_get_y_axis_zero_endstop              0x08005e31   Thumb Code    18  connect_bsp.o(i.bsp_get_y_axis_zero_endstop)
    bsp_get_z_axis_max_endstop               0x08005e49   Thumb Code    18  connect_bsp.o(i.bsp_get_z_axis_max_endstop)
    bsp_get_z_axis_min_endstop               0x08005e61   Thumb Code    18  connect_bsp.o(i.bsp_get_z_axis_min_endstop)
    bsp_get_z_axis_zero_endstop              0x08005e79   Thumb Code    18  connect_bsp.o(i.bsp_get_z_axis_zero_endstop)
    bsp_init                                 0x08005e91   Thumb Code   184  connect_bsp.o(i.bsp_init)
    bsp_serial_init                          0x08005fe9   Thumb Code    12  connect_bsp.o(i.bsp_serial_init)
    bsp_serial_isr                           0x08005ff5   Thumb Code    12  connect_bsp.o(i.bsp_serial_isr)
    bsp_set_a_axis_dir                       0x08006001   Thumb Code    18  connect_bsp.o(i.bsp_set_a_axis_dir)
    bsp_set_b_axis_dir                       0x08006019   Thumb Code    18  connect_bsp.o(i.bsp_set_b_axis_dir)
    bsp_set_e_axis_dir                       0x08006031   Thumb Code    18  connect_bsp.o(i.bsp_set_e_axis_dir)
    bsp_set_plan_line_num                    0x08006049   Thumb Code   140  connect_bsp.o(i.bsp_set_plan_line_num)
    bsp_set_timer_autoreload                 0x080060e1   Thumb Code    12  connect_bsp.o(i.bsp_set_timer_autoreload)
    bsp_set_x_axis_dir                       0x080060ed   Thumb Code    18  connect_bsp.o(i.bsp_set_x_axis_dir)
    bsp_set_y_axis_dir                       0x08006105   Thumb Code    18  connect_bsp.o(i.bsp_set_y_axis_dir)
    bsp_set_z_axis_dir                       0x0800611d   Thumb Code    18  connect_bsp.o(i.bsp_set_z_axis_dir)
    bsp_stepper_init                         0x08006135   Thumb Code    12  connect_bsp.o(i.bsp_stepper_init)
    bsp_stepper_timer_isr                    0x08006141   Thumb Code     8  connect_bsp.o(i.bsp_stepper_timer_isr)
    calc_timer                               0x08006149   Thumb Code    96  stepper.o(i.calc_timer)
    calculate_trapezoid_for_block            0x080061c9   Thumb Code   462  planner.o(i.calculate_trapezoid_for_block)
    checkHitEndstops                         0x08006399   Thumb Code   220  stepper.o(i.checkHitEndstops)
    clamp_to_software_endstops               0x080064bd   Thumb Code   170  communication.o(i.clamp_to_software_endstops)
    code_seen                                0x08006571   Thumb Code    38  communication.o(i.code_seen)
    code_value                               0x080065a5   Thumb Code    66  communication.o(i.code_value)
    code_value_long                          0x080065f5   Thumb Code    40  communication.o(i.code_value_long)
    compute_angle                            0x08006629   Thumb Code   526  leveling.o(i.compute_angle)
    enable_all_stepper                       0x0800688d   Thumb Code    40  stepper.o(i.enable_all_stepper)
    enable_endstops                          0x080068b9   Thumb Code     6  stepper.o(i.enable_endstops)
    endstops_hit_on_purpose                  0x080068c5   Thumb Code    16  stepper.o(i.endstops_hit_on_purpose)
    estimate_acceleration_distance           0x080068e1   Thumb Code    46  planner.o(i.estimate_acceleration_distance)
    fabs                                     0x08006915   Thumb Code    24  fabs.o(i.fabs)
    fputc                                    0x0800692d   Thumb Code    22  usart.o(i.fputc)
    get_arc_coordinates                      0x08006949   Thumb Code    68  communication.o(i.get_arc_coordinates)
    get_command                              0x08006995   Thumb Code   780  communication.o(i.get_command)
    get_coordinates                          0x08006d99   Thumb Code   186  communication.o(i.get_coordinates)
    get_mp1_data                             0x08006e75   Thumb Code   196  leveling.o(i.get_mp1_data)
    get_mp2_data                             0x08006f61   Thumb Code   196  leveling.o(i.get_mp2_data)
    get_mp3_data                             0x0800704d   Thumb Code   196  leveling.o(i.get_mp3_data)
    get_timer_ms                             0x08007139   Thumb Code     6  timer.o(i.get_timer_ms)
    homeaxis                                 0x08007145   Thumb Code   680  communication.o(i.homeaxis)
    intersection_distance                    0x08007415   Thumb Code    58  planner.o(i.intersection_distance)
    main                                     0x08007455   Thumb Code    62  main.o(i.main)
    max_allowable_speed                      0x080074d5   Thumb Code    86  planner.o(i.max_allowable_speed)
    mc_arc                                   0x0800752d   Thumb Code  1322  motion_control.o(i.mc_arc)
    next_block_index                         0x08007a57   Thumb Code    12  planner.o(i.next_block_index)
    plan_buffer_line                         0x08007a65   Thumb Code  4884  planner.o(i.plan_buffer_line)
    plan_discard_current_block               0x08008d95   Thumb Code    32  planner.o(i.plan_discard_current_block)
    plan_get_current_block                   0x08008dbd   Thumb Code    44  planner.o(i.plan_get_current_block)
    plan_init                                0x08008df5   Thumb Code    66  planner.o(i.plan_init)
    plan_set_e_position                      0x08008e51   Thumb Code   138  planner.o(i.plan_set_e_position)
    plan_set_position                        0x08008ef5   Thumb Code   796  planner.o(i.plan_set_position)
    planner_forward_pass                     0x0800922d   Thumb Code    76  planner.o(i.planner_forward_pass)
    planner_forward_pass_kernel              0x08009285   Thumb Code   200  planner.o(i.planner_forward_pass_kernel)
    planner_recalculate                      0x0800934d   Thumb Code    16  planner.o(i.planner_recalculate)
    planner_recalculate_trapezoids           0x0800935d   Thumb Code   174  planner.o(i.planner_recalculate_trapezoids)
    planner_reverse_pass                     0x0800941d   Thumb Code    96  planner.o(i.planner_reverse_pass)
    planner_reverse_pass_kernel              0x08009489   Thumb Code   170  planner.o(i.planner_reverse_pass_kernel)
    prepare_arc_move                         0x08009535   Thumb Code   206  communication.o(i.prepare_arc_move)
    prepare_move                             0x08009625   Thumb Code   300  communication.o(i.prepare_move)
    process_commands                         0x08009779   Thumb Code  1968  communication.o(i.process_commands)
    rs485_init                               0x0800a01d   Thumb Code   238  leveling.o(i.rs485_init)
    rs485_send_data                          0x0800a11d   Thumb Code    28  leveling.o(i.rs485_send_data)
    send_pluse_to_stepper                    0x0800a141   Thumb Code   264  leveling.o(i.send_pluse_to_stepper)
    serial_available                         0x0800a25d   Thumb Code    20  communication.o(i.serial_available)
    serial_flush                             0x0800a275   Thumb Code    14  communication.o(i.serial_flush)
    serial_isr                               0x0800a289   Thumb Code    14  communication.o(i.serial_isr)
    serial_read                              0x0800a29d   Thumb Code    50  communication.o(i.serial_read)
    set_timer_autoload                       0x0800a2d5   Thumb Code    16  timer.o(i.set_timer_autoload)
    soft_delay_us                            0x0800a2e9   Thumb Code    16  connect_bsp.o(i.soft_delay_us)
    sqrt                                     0x0800a2f9   Thumb Code   110  sqrt.o(i.sqrt)
    st_get_position                          0x0800a369   Thumb Code    14  stepper.o(i.st_get_position)
    st_set_position                          0x0800a37d   Thumb Code    26  stepper.o(i.st_set_position)
    st_synchronize                           0x0800a39d   Thumb Code    28  stepper.o(i.st_synchronize)
    start_command_process                    0x0800a3bd   Thumb Code    62  communication.o(i.start_command_process)
    stepper_gpio_init                        0x0800a405   Thumb Code  1252  stepper_gpio.o(i.stepper_gpio_init)
    store_char                               0x0800a8fd   Thumb Code    42  communication.o(i.store_char)
    timer_init                               0x0800a927   Thumb Code    12  timer.o(i.timer_init)
    timer_isr                                0x0800a935   Thumb Code  1712  stepper.o(i.timer_isr)
    trapezoid_generator_reset                0x0800b025   Thumb Code    74  stepper.o(i.trapezoid_generator_reset)
    AHBPrescTable                            0x0800b090   Data          16  system_stm32f4xx.o(.constdata)
    APBPrescTable                            0x0800b0a0   Data           8  system_stm32f4xx.o(.constdata)
    axis_codes                               0x0800b0a8   Data           6  communication.o(.constdata)
    __mathlib_zero                           0x0800b250   Data           8  qnan.o(.constdata)
    __ctype_table                            0x0800b348   Data         129  ctype_o.o(.constdata)
    Region$$Table$$Base                      0x0800b4ec   Number         0  anon$$obj.o(Region$$Table)
    Region$$Table$$Limit                     0x0800b50c   Number         0  anon$$obj.o(Region$$Table)
    SystemCoreClock                          0x20000000   Data           4  system_stm32f4xx.o(.data)
    uwTick                                   0x20000004   Data           4  stm32f4xx_hal.o(.data)
    uwTickPrio                               0x20000008   Data           4  stm32f4xx_hal.o(.data)
    uwTickFreq                               0x2000000c   Data           1  stm32f4xx_hal.o(.data)
    serial                                   0x20000010   Data           8  communication.o(.data)
    axis_relative_modes                      0x20000030   Data           6  communication.o(.data)
    Stopped                                  0x20000049   Data           1  communication.o(.data)
    active_extruder                          0x2000004a   Data           1  communication.o(.data)
    feedmultiply                             0x2000004c   Data           4  communication.o(.data)
    homing_feedrate                          0x20000050   Data          16  communication.o(.data)
    max_length                               0x20000060   Data          12  communication.o(.data)
    home_dir                                 0x2000006c   Data           3  communication.o(.data)
    home_retract_mm                          0x20000070   Data          12  communication.o(.data)
    base_home_pos                            0x2000007c   Data          12  communication.o(.data)
    base_max_pos                             0x20000088   Data          12  communication.o(.data)
    max_pos                                  0x200000b8   Data          12  motion_control.o(.data)
    axis_steps_per_unit                      0x200000c4   Data          24  planner.o(.data)
    max_acceleration_units_per_sq_second     0x200000e0   Data          24  planner.o(.data)
    extrudemultiply                          0x200000f8   Data           4  planner.o(.data)
    max_feedrate                             0x200000fc   Data          24  planner.o(.data)
    minimumfeedrate                          0x20000114   Data           4  planner.o(.data)
    mintravelfeedrate                        0x20000118   Data           4  planner.o(.data)
    retract_acceleration                     0x2000011c   Data           4  planner.o(.data)
    acceleration                             0x20000120   Data           4  planner.o(.data)
    max_xy_jerk                              0x20000124   Data           4  planner.o(.data)
    max_z_jerk                               0x20000128   Data           4  planner.o(.data)
    max_e_jerk                               0x2000012c   Data           4  planner.o(.data)
    block_buffer_head                        0x20000130   Data           1  planner.o(.data)
    block_buffer_tail                        0x20000131   Data           1  planner.o(.data)
    current_block                            0x20000134   Data           4  stepper.o(.data)
    count_direction                          0x20000168   Data           6  stepper.o(.data)
    check_endstops                           0x2000016e   Data           1  stepper.o(.data)
    g_RS485_rx_cnt                           0x20000180   Data           1  leveling.o(.data)
    is_return_flag                           0x20000181   Data           1  leveling.o(.data)
    cmd_measure_str                          0x20000182   Data           9  leveling.o(.data)
    angle_a                                  0x2000018c   Data           4  leveling.o(.data)
    angle_b                                  0x20000190   Data           4  leveling.o(.data)
    __stdout                                 0x20000194   Data           4  stdout.o(.data)
    rx_buffer                                0x2000019c   Data         136  communication.o(.bss)
    offset                                   0x20000224   Data          12  communication.o(.bss)
    destination                              0x20000230   Data          24  communication.o(.bss)
    current_position                         0x20000248   Data          24  communication.o(.bss)
    add_homeing                              0x20000260   Data          24  communication.o(.bss)
    base_min_pos                             0x20000278   Data          12  communication.o(.bss)
    min_pos                                  0x20000684   Data          12  motion_control.o(.bss)
    axis_steps_per_sqr_second                0x20000690   Data          24  planner.o(.bss)
    position                                 0x200006a8   Data          24  planner.o(.bss)
    delta_mm                                 0x200006e4   Data          24  planner.o(.bss)
    block_buffer                             0x200006fc   Data        1408  planner.o(.bss)
    steppers                                 0x20000c7c   Data         144  stepper.o(.bss)
    count_position                           0x20000d0c   Data          24  stepper.o(.bss)
    endstops_trigsteps                       0x20000d24   Data          12  stepper.o(.bss)
    UartHandle                               0x20000d30   Data          64  usart.o(.bss)
    UartHandle_485                           0x20000d70   Data          64  usart.o(.bss)
    TIM_TimeMotionStructure                  0x20000db0   Data          64  timer.o(.bss)
    TIM_TimeTimeStructure                    0x20000df0   Data          64  timer.o(.bss)
    g_rs458_handler                          0x20000e30   Data          64  leveling.o(.bss)
    g_RS485_rx_buf                           0x20000e70   Data          64  leveling.o(.bss)
    measure_point                            0x20000eb0   Data          36  leveling.o(.bss)
    __initial_sp                             0x200012d8   Data           0  startup_stm32f407xx.o(STACK)



==============================================================================

Memory Map of the image

  Image Entry point : 0x08000189

  Load Region LR_IROM1 (Base: 0x08000000, Size: 0x0000b6a8, Max: 0x00100000, ABSOLUTE, COMPRESSED[0x0000b578])

    Execution Region ER_IROM1 (Exec base: 0x08000000, Load base: 0x08000000, Size: 0x0000b50c, Max: 0x00100000, ABSOLUTE)

    Exec Addr    Load Addr    Size         Type   Attr      Idx    E Section Name        Object

    0x08000000   0x08000000   0x00000188   Data   RO            3    RESET               startup_stm32f407xx.o
    0x08000188   0x08000188   0x00000000   Code   RO         9906  * .ARM.Collect$$$$00000000  mc_w.l(entry.o)
    0x08000188   0x08000188   0x00000004   Code   RO        10251    .ARM.Collect$$$$00000001  mc_w.l(entry2.o)
    0x0800018c   0x0800018c   0x00000004   Code   RO        10254    .ARM.Collect$$$$00000004  mc_w.l(entry5.o)
    0x08000190   0x08000190   0x00000000   Code   RO        10256    .ARM.Collect$$$$00000008  mc_w.l(entry7b.o)
    0x08000190   0x08000190   0x00000000   Code   RO        10258    .ARM.Collect$$$$0000000A  mc_w.l(entry8b.o)
    0x08000190   0x08000190   0x00000008   Code   RO        10259    .ARM.Collect$$$$0000000B  mc_w.l(entry9a.o)
    0x08000198   0x08000198   0x00000000   Code   RO        10261    .ARM.Collect$$$$0000000D  mc_w.l(entry10a.o)
    0x08000198   0x08000198   0x00000000   Code   RO        10263    .ARM.Collect$$$$0000000F  mc_w.l(entry11a.o)
    0x08000198   0x08000198   0x00000004   Code   RO        10252    .ARM.Collect$$$$00002712  mc_w.l(entry2.o)
    0x0800019c   0x0800019c   0x00000024   Code   RO            4    .text               startup_stm32f407xx.o
    0x080001c0   0x080001c0   0x00000062   Code   RO         9909    .text               mc_w.l(uldiv.o)
    0x08000222   0x08000222   0x00000024   Code   RO         9913    .text               mc_w.l(memseta.o)
    0x08000246   0x08000246   0x00000024   Code   RO         9915    .text               mc_w.l(strstr.o)
    0x0800026a   0x0800026a   0x00000014   Code   RO         9917    .text               mc_w.l(strchr.o)
    0x0800027e   0x0800027e   0x00000070   Code   RO        10182    .text               mc_w.l(strtol.o)
    0x080002ee   0x080002ee   0x0000014e   Code   RO        10184    .text               mf_w.l(dadd.o)
    0x0800043c   0x0800043c   0x000000e4   Code   RO        10186    .text               mf_w.l(dmul.o)
    0x08000520   0x08000520   0x000000de   Code   RO        10188    .text               mf_w.l(ddiv.o)
    0x080005fe   0x080005fe   0x00000022   Code   RO        10190    .text               mf_w.l(dflti.o)
    0x08000620   0x08000620   0x0000003e   Code   RO        10192    .text               mf_w.l(dfixi.o)
    0x0800065e   0x0800065e   0x00000032   Code   RO        10194    .text               mf_w.l(dfixui.o)
    0x08000690   0x08000690   0x00000026   Code   RO        10196    .text               mf_w.l(f2d.o)
    0x080006b6   0x080006b6   0x00000002   PAD
    0x080006b8   0x080006b8   0x00000030   Code   RO        10198    .text               mf_w.l(cdcmple.o)
    0x080006e8   0x080006e8   0x00000030   Code   RO        10200    .text               mf_w.l(cdrcmple.o)
    0x08000718   0x08000718   0x00000038   Code   RO        10202    .text               mf_w.l(d2f.o)
    0x08000750   0x08000750   0x0000002c   Code   RO        10266    .text               mc_w.l(uidiv.o)
    0x0800077c   0x0800077c   0x0000001e   Code   RO        10268    .text               mc_w.l(llshl.o)
    0x0800079a   0x0800079a   0x00000020   Code   RO        10270    .text               mc_w.l(llushr.o)
    0x080007ba   0x080007ba   0x00000024   Code   RO        10272    .text               mc_w.l(llsshr.o)
    0x080007de   0x080007de   0x00000002   PAD
    0x080007e0   0x080007e0   0x00000008   Code   RO        10274    .text               mc_w.l(ctype_o.o)
    0x080007e8   0x080007e8   0x00000012   Code   RO        10296    .text               mc_w.l(isspace_o.o)
    0x080007fa   0x080007fa   0x0000009e   Code   RO        10309    .text               mc_w.l(_strtoul.o)
    0x08000898   0x08000898   0x0000009c   Code   RO        10311    .text               mc_w.l(strtod.o)
    0x08000934   0x08000934   0x00000000   Code   RO        10313    .text               mc_w.l(iusefp.o)
    0x08000934   0x08000934   0x0000006e   Code   RO        10314    .text               mf_w.l(fepilogue.o)
    0x080009a2   0x080009a2   0x000000ba   Code   RO        10316    .text               mf_w.l(depilogue.o)
    0x08000a5c   0x08000a5c   0x0000002e   Code   RO        10320    .text               mf_w.l(dscalb.o)
    0x08000a8a   0x08000a8a   0x000000a2   Code   RO        10322    .text               mf_w.l(dsqrt.o)
    0x08000b2c   0x08000b2c   0x00000088   Code   RO        10324    .text               mf_w.l(drnd.o)
    0x08000bb4   0x08000bb4   0x00000030   Code   RO        10326    .text               mf_w.l(dfixul.o)
    0x08000be4   0x08000be4   0x000000a8   Code   RO        10328    .text               mf_w.l(dfixir.o)
    0x08000c8c   0x08000c8c   0x00000024   Code   RO        10330    .text               mc_w.l(init.o)
    0x08000cb0   0x08000cb0   0x0000001c   Code   RO        10334    .text               mc_w.l(_chval.o)
    0x08000ccc   0x08000ccc   0x00000360   Code   RO        10336    .text               mc_w.l(scanf_fp.o)
    0x0800102c   0x0800102c   0x00000040   Code   RO        10340    .text               mc_w.l(_sgetc.o)
    0x0800106c   0x0800106c   0x0000001a   Code   RO        10342    .text               mf_w.l(dfltui.o)
    0x08001086   0x08001086   0x00000018   Code   RO        10347    .text               mf_w.l(dfltul.o)
    0x0800109e   0x0800109e   0x00000056   Code   RO        10357    .text               mc_w.l(__dczerorl2.o)
    0x080010f4   0x080010f4   0x00000004   Code   RO         8657    i.BusFault_Handler  stm32f4xx_it.o
    0x080010f8   0x080010f8   0x0000000c   Code   RO         9635    i.CPU_TS_TmrRd      delay.o
    0x08001104   0x08001104   0x00000050   Code   RO         9636    i.CPU_TS_Tmr_Delay_US  delay.o
    0x08001154   0x08001154   0x00000018   Code   RO         8743    i.ClearToSend       communication.o
    0x0800116c   0x0800116c   0x00000002   Code   RO         8658    i.DebugMon_Handler  stm32f4xx_it.o
    0x0800116e   0x0800116e   0x00000002   PAD
    0x08001170   0x08001170   0x00000034   Code   RO         8744    i.FlushSerialRequestResend  communication.o
    0x080011a4   0x080011a4   0x00000028   Code   RO         1614    i.HAL_DMA_Abort_IT  stm32f4xx_hal_dma.o
    0x080011cc   0x080011cc   0x00000200   Code   RO         2109    i.HAL_GPIO_Init     stm32f4xx_hal_gpio.o
    0x080013cc   0x080013cc   0x0000001c   Code   RO         9637    i.HAL_GetTick       delay.o
    0x080013e8   0x080013e8   0x00000018   Code   RO          269    i.HAL_IncTick       stm32f4xx_hal.o
    0x08001400   0x08001400   0x0000002c   Code   RO         9638    i.HAL_InitTick      delay.o
    0x0800142c   0x0800142c   0x00000020   Code   RO          976    i.HAL_NVIC_EnableIRQ  stm32f4xx_hal_cortex.o
    0x0800144c   0x0800144c   0x0000007c   Code   RO          982    i.HAL_NVIC_SetPriority  stm32f4xx_hal_cortex.o
    0x080014c8   0x080014c8   0x00000180   Code   RO         4426    i.HAL_RCC_ClockConfig  stm32f4xx_hal_rcc.o
    0x08001648   0x08001648   0x0000000c   Code   RO         4431    i.HAL_RCC_GetHCLKFreq  stm32f4xx_hal_rcc.o
    0x08001654   0x08001654   0x00000020   Code   RO         4433    i.HAL_RCC_GetPCLK1Freq  stm32f4xx_hal_rcc.o
    0x08001674   0x08001674   0x00000020   Code   RO         4434    i.HAL_RCC_GetPCLK2Freq  stm32f4xx_hal_rcc.o
    0x08001694   0x08001694   0x000000b0   Code   RO         4435    i.HAL_RCC_GetSysClockFreq  stm32f4xx_hal_rcc.o
    0x08001744   0x08001744   0x00000448   Code   RO         4438    i.HAL_RCC_OscConfig  stm32f4xx_hal_rcc.o
    0x08001b8c   0x08001b8c   0x00000002   Code   RO         6787    i.HAL_TIMEx_BreakCallback  stm32f4xx_hal_tim_ex.o
    0x08001b8e   0x08001b8e   0x00000002   Code   RO         6788    i.HAL_TIMEx_CommutCallback  stm32f4xx_hal_tim_ex.o
    0x08001b90   0x08001b90   0x00000034   Code   RO         6101    i.HAL_TIM_Base_Init  stm32f4xx_hal_tim.o
    0x08001bc4   0x08001bc4   0x00000002   Code   RO         6103    i.HAL_TIM_Base_MspInit  stm32f4xx_hal_tim.o
    0x08001bc6   0x08001bc6   0x0000002a   Code   RO         6106    i.HAL_TIM_Base_Start_IT  stm32f4xx_hal_tim.o
    0x08001bf0   0x08001bf0   0x00000002   Code   RO         6130    i.HAL_TIM_IC_CaptureCallback  stm32f4xx_hal_tim.o
    0x08001bf2   0x08001bf2   0x00000196   Code   RO         6144    i.HAL_TIM_IRQHandler  stm32f4xx_hal_tim.o
    0x08001d88   0x08001d88   0x00000002   Code   RO         6147    i.HAL_TIM_OC_DelayElapsedCallback  stm32f4xx_hal_tim.o
    0x08001d8a   0x08001d8a   0x00000002   Code   RO         6174    i.HAL_TIM_PWM_PulseFinishedCallback  stm32f4xx_hal_tim.o
    0x08001d8c   0x08001d8c   0x00000030   Code   RO         9564    i.HAL_TIM_PeriodElapsedCallback  timer.o
    0x08001dbc   0x08001dbc   0x00000002   Code   RO         6187    i.HAL_TIM_TriggerCallback  stm32f4xx_hal_tim.o
    0x08001dbe   0x08001dbe   0x00000002   PAD
    0x08001dc0   0x08001dc0   0x0000003c   Code   RO         9467    i.HAL_UART_ErrorCallback  usart.o
    0x08001dfc   0x08001dfc   0x0000014c   Code   RO         7062    i.HAL_UART_IRQHandler  stm32f4xx_hal_uart.o
    0x08001f48   0x08001f48   0x00000072   Code   RO         7063    i.HAL_UART_Init     stm32f4xx_hal_uart.o
    0x08001fba   0x08001fba   0x00000002   PAD
    0x08001fbc   0x08001fbc   0x000000bc   Code   RO         9468    i.HAL_UART_MspInit  usart.o
    0x08002078   0x08002078   0x000000de   Code   RO         7066    i.HAL_UART_Receive  stm32f4xx_hal_uart.o
    0x08002156   0x08002156   0x00000002   Code   RO         9469    i.HAL_UART_RxCpltCallback  usart.o
    0x08002158   0x08002158   0x000000d6   Code   RO         7071    i.HAL_UART_Transmit  stm32f4xx_hal_uart.o
    0x0800222e   0x0800222e   0x00000002   Code   RO         7074    i.HAL_UART_TxCpltCallback  stm32f4xx_hal_uart.o
    0x08002230   0x08002230   0x00000004   Code   RO         8659    i.HardFault_Handler  stm32f4xx_it.o
    0x08002234   0x08002234   0x000000f4   Code   RO         9540    i.LED_GPIO_Config   led.o
    0x08002328   0x08002328   0x00000004   Code   RO         8660    i.MemManage_Handler  stm32f4xx_it.o
    0x0800232c   0x0800232c   0x00000002   Code   RO         8661    i.NMI_Handler       stm32f4xx_it.o
    0x0800232e   0x0800232e   0x00000002   Code   RO         8662    i.PendSV_Handler    stm32f4xx_it.o
    0x08002330   0x08002330   0x00000038   Code   RO         9470    i.SERIAL_USART_Config  usart.o
    0x08002368   0x08002368   0x00000002   Code   RO         8663    i.SVC_Handler       stm32f4xx_it.o
    0x0800236a   0x0800236a   0x00000008   Code   RO         8664    i.SysTick_Handler   stm32f4xx_it.o
    0x08002372   0x08002372   0x00000002   PAD
    0x08002374   0x08002374   0x000000b4   Code   RO         8558    i.SystemClock_Config  main.o
    0x08002428   0x08002428   0x00000054   Code   RO           14    i.SystemInit        system_stm32f4xx.o
    0x0800247c   0x0800247c   0x00000010   Code   RO         9565    i.TIM3_IRQHandler   timer.o
    0x0800248c   0x0800248c   0x00000010   Code   RO         9566    i.TIM4_IRQHandler   timer.o
    0x0800249c   0x0800249c   0x000000d8   Code   RO         6189    i.TIM_Base_SetConfig  stm32f4xx_hal_tim.o
    0x08002574   0x08002574   0x00000098   Code   RO         9567    i.TIM_Mode_Config   timer.o
    0x0800260c   0x0800260c   0x00000024   Code   RO         9568    i.TIMx_NVIC_Configuration  timer.o
    0x08002630   0x08002630   0x00000014   Code   RO         7076    i.UART_DMAAbortOnError  stm32f4xx_hal_uart.o
    0x08002644   0x08002644   0x00000020   Code   RO         7086    i.UART_EndRxTransfer  stm32f4xx_hal_uart.o
    0x08002664   0x08002664   0x00000020   Code   RO         7087    i.UART_EndTransmit_IT  stm32f4xx_hal_uart.o
    0x08002684   0x08002684   0x000000a6   Code   RO         7089    i.UART_Receive_IT   stm32f4xx_hal_uart.o
    0x0800272a   0x0800272a   0x00000002   PAD
    0x0800272c   0x0800272c   0x00000368   Code   RO         7090    i.UART_SetConfig    stm32f4xx_hal_uart.o
    0x08002a94   0x08002a94   0x00000068   Code   RO         7091    i.UART_Transmit_IT  stm32f4xx_hal_uart.o
    0x08002afc   0x08002afc   0x0000006c   Code   RO         7092    i.UART_WaitOnFlagUntilTimeout  stm32f4xx_hal_uart.o
    0x08002b68   0x08002b68   0x00000038   Code   RO         8665    i.USART1_IRQHandler  stm32f4xx_it.o
    0x08002ba0   0x08002ba0   0x0000006c   Code   RO         9704    i.USART3_IRQHandler  leveling.o
    0x08002c0c   0x08002c0c   0x00000018   Code   RO         8745    i.Uart_Hal_UART_Errorhandle  communication.o
    0x08002c24   0x08002c24   0x00000004   Code   RO         8666    i.UsageFault_Handler  stm32f4xx_it.o
    0x08002c28   0x08002c28   0x00000020   Code   RO        10154    i.__0printf         mc_w.l(printfa.o)
    0x08002c48   0x08002c48   0x00000030   Code   RO        10235    i.__ARM_fpclassify  m_wm.l(fpclassify.o)
    0x08002c78   0x08002c78   0x00000010   Code   RO          989    i.__NVIC_GetPriorityGrouping  stm32f4xx_hal_cortex.o
    0x08002c88   0x08002c88   0x00000028   Code   RO          990    i.__NVIC_SetPriority  stm32f4xx_hal_cortex.o
    0x08002cb0   0x08002cb0   0x00000008   Code   RO        10302    i.__aeabi_errno_addr  mc_w.l(errno.o)
    0x08002cb8   0x08002cb8   0x00000358   Code   RO         9786    i.__hardfp_acos     m_wm.l(acos.o)
    0x08003010   0x08003010   0x000002d8   Code   RO        10204    i.__hardfp_atan     m_wm.l(atan.o)
    0x080032e8   0x080032e8   0x000001f0   Code   RO         9800    i.__hardfp_atan2    m_wm.l(atan2.o)
    0x080034d8   0x080034d8   0x00000118   Code   RO         9812    i.__hardfp_ceil     m_wm.l(ceil.o)
    0x080035f0   0x080035f0   0x000000c8   Code   RO         9818    i.__hardfp_cos      m_wm.l(cos.o)
    0x080036b8   0x080036b8   0x00000014   Code   RO         9830    i.__hardfp_fabs     m_wm.l(fabs.o)
    0x080036cc   0x080036cc   0x00000004   PAD
    0x080036d0   0x080036d0   0x00000118   Code   RO         9836    i.__hardfp_floor    m_wm.l(floor.o)
    0x080037e8   0x080037e8   0x00000378   Code   RO         9842    i.__hardfp_hypot    m_wm.l(hypot.o)
    0x08003b60   0x08003b60   0x00000100   Code   RO         9898    i.__hardfp_lround   m_wm.l(lround.o)
    0x08003c60   0x08003c60   0x00000c50   Code   RO         9854    i.__hardfp_pow      m_wm.l(pow.o)
    0x080048b0   0x080048b0   0x000000c8   Code   RO         9868    i.__hardfp_sin      m_wm.l(sin.o)
    0x08004978   0x08004978   0x0000007a   Code   RO         9880    i.__hardfp_sqrt     m_wm.l(sqrt.o)
    0x080049f2   0x080049f2   0x00000006   PAD
    0x080049f8   0x080049f8   0x00000028   Code   RO         9892    i.__hardfp_strtod   m_wm.l(strtod.o)
    0x08004a20   0x08004a20   0x00000438   Code   RO        10240    i.__ieee754_rem_pio2  m_wm.l(rred.o)
    0x08004e58   0x08004e58   0x00000170   Code   RO        10218    i.__kernel_cos      m_wm.l(cos_i.o)
    0x08004fc8   0x08004fc8   0x000000f8   Code   RO        10237    i.__kernel_poly     m_wm.l(poly.o)
    0x080050c0   0x080050c0   0x00000130   Code   RO        10245    i.__kernel_sin      m_wm.l(sin_i.o)
    0x080051f0   0x080051f0   0x00000030   Code   RO        10221    i.__mathlib_dbl_divzero  m_wm.l(dunder.o)
    0x08005220   0x08005220   0x00000014   Code   RO        10222    i.__mathlib_dbl_infnan  m_wm.l(dunder.o)
    0x08005234   0x08005234   0x00000014   Code   RO        10223    i.__mathlib_dbl_infnan2  m_wm.l(dunder.o)
    0x08005248   0x08005248   0x00000020   Code   RO        10224    i.__mathlib_dbl_invalid  m_wm.l(dunder.o)
    0x08005268   0x08005268   0x00000020   Code   RO        10225    i.__mathlib_dbl_overflow  m_wm.l(dunder.o)
    0x08005288   0x08005288   0x00000020   Code   RO        10227    i.__mathlib_dbl_underflow  m_wm.l(dunder.o)
    0x080052a8   0x080052a8   0x0000000e   Code   RO        10351    i.__scatterload_copy  mc_w.l(handlers.o)
    0x080052b6   0x080052b6   0x00000002   Code   RO        10352    i.__scatterload_null  mc_w.l(handlers.o)
    0x080052b8   0x080052b8   0x0000000e   Code   RO        10353    i.__scatterload_zeroinit  mc_w.l(handlers.o)
    0x080052c6   0x080052c6   0x00000002   PAD
    0x080052c8   0x080052c8   0x0000000c   Code   RO        10304    i.__set_errno       mc_w.l(errno.o)
    0x080052d4   0x080052d4   0x00000184   Code   RO        10161    i._fp_digits        mc_w.l(printfa.o)
    0x08005458   0x08005458   0x0000000e   Code   RO        10338    i._is_digit         mc_w.l(scanf_fp.o)
    0x08005466   0x08005466   0x00000002   PAD
    0x08005468   0x08005468   0x000006dc   Code   RO        10162    i._printf_core      mc_w.l(printfa.o)
    0x08005b44   0x08005b44   0x00000024   Code   RO        10163    i._printf_post_padding  mc_w.l(printfa.o)
    0x08005b68   0x08005b68   0x0000002e   Code   RO        10164    i._printf_pre_padding  mc_w.l(printfa.o)
    0x08005b96   0x08005b96   0x00000010   Code   RO        10206    i.atan              m_wm.l(atan.o)
    0x08005ba6   0x08005ba6   0x00000002   PAD
    0x08005ba8   0x08005ba8   0x00000084   Code   RO         8746    i.axis_is_at_home   communication.o
    0x08005c2c   0x08005c2c   0x0000001c   Code   RO         9227    i.blocks_queued     planner.o
    0x08005c48   0x08005c48   0x00000008   Code   RO         8917    i.bsp_command_process  connect_bsp.o
    0x08005c50   0x08005c50   0x00000024   Code   RO         8918    i.bsp_create_one_a_axis_step  connect_bsp.o
    0x08005c74   0x08005c74   0x00000024   Code   RO         8919    i.bsp_create_one_b_axis_step  connect_bsp.o
    0x08005c98   0x08005c98   0x00000018   Code   RO         8920    i.bsp_create_one_e_axis_step  connect_bsp.o
    0x08005cb0   0x08005cb0   0x00000024   Code   RO         8921    i.bsp_create_one_x_axis_step  connect_bsp.o
    0x08005cd4   0x08005cd4   0x00000024   Code   RO         8922    i.bsp_create_one_y_axis_step  connect_bsp.o
    0x08005cf8   0x08005cf8   0x00000024   Code   RO         8923    i.bsp_create_one_z_axis_step  connect_bsp.o
    0x08005d1c   0x08005d1c   0x0000000c   Code   RO         8924    i.bsp_disable_a_stepper  connect_bsp.o
    0x08005d28   0x08005d28   0x0000000c   Code   RO         8925    i.bsp_disable_b_stepper  connect_bsp.o
    0x08005d34   0x08005d34   0x0000000c   Code   RO         8926    i.bsp_disable_e_stepper  connect_bsp.o
    0x08005d40   0x08005d40   0x0000000c   Code   RO         8927    i.bsp_disable_x_stepper  connect_bsp.o
    0x08005d4c   0x08005d4c   0x0000000c   Code   RO         8928    i.bsp_disable_y_stepper  connect_bsp.o
    0x08005d58   0x08005d58   0x0000000c   Code   RO         8929    i.bsp_disable_z_stepper  connect_bsp.o
    0x08005d64   0x08005d64   0x0000000c   Code   RO         8930    i.bsp_enable_a_stepper  connect_bsp.o
    0x08005d70   0x08005d70   0x0000000c   Code   RO         8931    i.bsp_enable_b_stepper  connect_bsp.o
    0x08005d7c   0x08005d7c   0x0000000c   Code   RO         8932    i.bsp_enable_e_stepper  connect_bsp.o
    0x08005d88   0x08005d88   0x0000000c   Code   RO         8933    i.bsp_enable_x_stepper  connect_bsp.o
    0x08005d94   0x08005d94   0x0000000c   Code   RO         8934    i.bsp_enable_y_stepper  connect_bsp.o
    0x08005da0   0x08005da0   0x0000000c   Code   RO         8935    i.bsp_enable_z_stepper  connect_bsp.o
    0x08005dac   0x08005dac   0x0000000c   Code   RO         8936    i.bsp_get_timer_ms  connect_bsp.o
    0x08005db8   0x08005db8   0x00000018   Code   RO         8937    i.bsp_get_x_axis_max_endstop  connect_bsp.o
    0x08005dd0   0x08005dd0   0x00000018   Code   RO         8938    i.bsp_get_x_axis_min_endstop  connect_bsp.o
    0x08005de8   0x08005de8   0x00000018   Code   RO         8939    i.bsp_get_x_axis_zero_endstop  connect_bsp.o
    0x08005e00   0x08005e00   0x00000018   Code   RO         8940    i.bsp_get_y_axis_max_endstop  connect_bsp.o
    0x08005e18   0x08005e18   0x00000018   Code   RO         8941    i.bsp_get_y_axis_min_endstop  connect_bsp.o
    0x08005e30   0x08005e30   0x00000018   Code   RO         8942    i.bsp_get_y_axis_zero_endstop  connect_bsp.o
    0x08005e48   0x08005e48   0x00000018   Code   RO         8943    i.bsp_get_z_axis_max_endstop  connect_bsp.o
    0x08005e60   0x08005e60   0x00000018   Code   RO         8944    i.bsp_get_z_axis_min_endstop  connect_bsp.o
    0x08005e78   0x08005e78   0x00000018   Code   RO         8945    i.bsp_get_z_axis_zero_endstop  connect_bsp.o
    0x08005e90   0x08005e90   0x00000158   Code   RO         8946    i.bsp_init          connect_bsp.o
    0x08005fe8   0x08005fe8   0x0000000c   Code   RO         8947    i.bsp_serial_init   connect_bsp.o
    0x08005ff4   0x08005ff4   0x0000000c   Code   RO         8948    i.bsp_serial_isr    connect_bsp.o
    0x08006000   0x08006000   0x00000018   Code   RO         8949    i.bsp_set_a_axis_dir  connect_bsp.o
    0x08006018   0x08006018   0x00000018   Code   RO         8950    i.bsp_set_b_axis_dir  connect_bsp.o
    0x08006030   0x08006030   0x00000018   Code   RO         8951    i.bsp_set_e_axis_dir  connect_bsp.o
    0x08006048   0x08006048   0x00000098   Code   RO         8952    i.bsp_set_plan_line_num  connect_bsp.o
    0x080060e0   0x080060e0   0x0000000c   Code   RO         8953    i.bsp_set_timer_autoreload  connect_bsp.o
    0x080060ec   0x080060ec   0x00000018   Code   RO         8954    i.bsp_set_x_axis_dir  connect_bsp.o
    0x08006104   0x08006104   0x00000018   Code   RO         8955    i.bsp_set_y_axis_dir  connect_bsp.o
    0x0800611c   0x0800611c   0x00000018   Code   RO         8956    i.bsp_set_z_axis_dir  connect_bsp.o
    0x08006134   0x08006134   0x0000000c   Code   RO         8957    i.bsp_stepper_init  connect_bsp.o
    0x08006140   0x08006140   0x00000008   Code   RO         8958    i.bsp_stepper_timer_isr  connect_bsp.o
    0x08006148   0x08006148   0x00000080   Code   RO         9375    i.calc_timer        stepper.o
    0x080061c8   0x080061c8   0x000001ce   Code   RO         9228    i.calculate_trapezoid_for_block  planner.o
    0x08006396   0x08006396   0x00000002   PAD
    0x08006398   0x08006398   0x00000124   Code   RO         9376    i.checkHitEndstops  stepper.o
    0x080064bc   0x080064bc   0x000000b4   Code   RO         8747    i.clamp_to_software_endstops  communication.o
    0x08006570   0x08006570   0x00000034   Code   RO         8748    i.code_seen         communication.o
    0x080065a4   0x080065a4   0x00000050   Code   RO         8749    i.code_value        communication.o
    0x080065f4   0x080065f4   0x00000034   Code   RO         8750    i.code_value_long   communication.o
    0x08006628   0x08006628   0x00000264   Code   RO         9705    i.compute_angle     leveling.o
    0x0800688c   0x0800688c   0x0000002c   Code   RO         9378    i.enable_all_stepper  stepper.o
    0x080068b8   0x080068b8   0x0000000c   Code   RO         9379    i.enable_endstops   stepper.o
    0x080068c4   0x080068c4   0x0000001c   Code   RO         9380    i.endstops_hit_on_purpose  stepper.o
    0x080068e0   0x080068e0   0x00000034   Code   RO         9230    i.estimate_acceleration_distance  planner.o
    0x08006914   0x08006914   0x00000018   Code   RO         9832    i.fabs              m_wm.l(fabs.o)
    0x0800692c   0x0800692c   0x0000001c   Code   RO         9474    i.fputc             usart.o
    0x08006948   0x08006948   0x0000004c   Code   RO         8751    i.get_arc_coordinates  communication.o
    0x08006994   0x08006994   0x00000404   Code   RO         8752    i.get_command       communication.o
    0x08006d98   0x08006d98   0x000000dc   Code   RO         8753    i.get_coordinates   communication.o
    0x08006e74   0x08006e74   0x000000ec   Code   RO         9706    i.get_mp1_data      leveling.o
    0x08006f60   0x08006f60   0x000000ec   Code   RO         9707    i.get_mp2_data      leveling.o
    0x0800704c   0x0800704c   0x000000ec   Code   RO         9708    i.get_mp3_data      leveling.o
    0x08007138   0x08007138   0x0000000c   Code   RO         9569    i.get_timer_ms      timer.o
    0x08007144   0x08007144   0x000002d0   Code   RO         8754    i.homeaxis          communication.o
    0x08007414   0x08007414   0x00000040   Code   RO         9231    i.intersection_distance  planner.o
    0x08007454   0x08007454   0x00000080   Code   RO         8559    i.main              main.o
    0x080074d4   0x080074d4   0x00000056   Code   RO         9232    i.max_allowable_speed  planner.o
    0x0800752a   0x0800752a   0x00000002   PAD
    0x0800752c   0x0800752c   0x0000052a   Code   RO         9196    i.mc_arc            motion_control.o
    0x08007a56   0x08007a56   0x0000000c   Code   RO         9233    i.next_block_index  planner.o
    0x08007a62   0x08007a62   0x00000002   PAD
    0x08007a64   0x08007a64   0x00001330   Code   RO         9234    i.plan_buffer_line  planner.o
    0x08008d94   0x08008d94   0x00000028   Code   RO         9235    i.plan_discard_current_block  planner.o
    0x08008dbc   0x08008dbc   0x00000038   Code   RO         9236    i.plan_get_current_block  planner.o
    0x08008df4   0x08008df4   0x0000005c   Code   RO         9237    i.plan_init         planner.o
    0x08008e50   0x08008e50   0x000000a4   Code   RO         9238    i.plan_set_e_position  planner.o
    0x08008ef4   0x08008ef4   0x00000338   Code   RO         9239    i.plan_set_position  planner.o
    0x0800922c   0x0800922c   0x00000058   Code   RO         9240    i.planner_forward_pass  planner.o
    0x08009284   0x08009284   0x000000c8   Code   RO         9241    i.planner_forward_pass_kernel  planner.o
    0x0800934c   0x0800934c   0x00000010   Code   RO         9242    i.planner_recalculate  planner.o
    0x0800935c   0x0800935c   0x000000c0   Code   RO         9243    i.planner_recalculate_trapezoids  planner.o
    0x0800941c   0x0800941c   0x0000006c   Code   RO         9244    i.planner_reverse_pass  planner.o
    0x08009488   0x08009488   0x000000aa   Code   RO         9245    i.planner_reverse_pass_kernel  planner.o
    0x08009532   0x08009532   0x00000002   PAD
    0x08009534   0x08009534   0x000000f0   Code   RO         8756    i.prepare_arc_move  communication.o
    0x08009624   0x08009624   0x00000148   Code   RO         8757    i.prepare_move      communication.o
    0x0800976c   0x0800976c   0x0000000a   Code   RO         9246    i.prev_block_index  planner.o
    0x08009776   0x08009776   0x00000002   PAD
    0x08009778   0x08009778   0x000008a4   Code   RO         8758    i.process_commands  communication.o
    0x0800a01c   0x0800a01c   0x00000100   Code   RO         9710    i.rs485_init        leveling.o
    0x0800a11c   0x0800a11c   0x00000024   Code   RO         9712    i.rs485_send_data   leveling.o
    0x0800a140   0x0800a140   0x0000011c   Code   RO         9713    i.send_pluse_to_stepper  leveling.o
    0x0800a25c   0x0800a25c   0x00000018   Code   RO         8759    i.serial_available  communication.o
    0x0800a274   0x0800a274   0x00000014   Code   RO         8760    i.serial_flush      communication.o
    0x0800a288   0x0800a288   0x00000014   Code   RO         8761    i.serial_isr        communication.o
    0x0800a29c   0x0800a29c   0x00000038   Code   RO         8762    i.serial_read       communication.o
    0x0800a2d4   0x0800a2d4   0x00000014   Code   RO         9570    i.set_timer_autoload  timer.o
    0x0800a2e8   0x0800a2e8   0x00000010   Code   RO         8959    i.soft_delay_us     connect_bsp.o
    0x0800a2f8   0x0800a2f8   0x0000006e   Code   RO         9882    i.sqrt              m_wm.l(sqrt.o)
    0x0800a366   0x0800a366   0x00000002   PAD
    0x0800a368   0x0800a368   0x00000014   Code   RO         9381    i.st_get_position   stepper.o
    0x0800a37c   0x0800a37c   0x00000020   Code   RO         9382    i.st_set_position   stepper.o
    0x0800a39c   0x0800a39c   0x00000020   Code   RO         9383    i.st_synchronize    stepper.o
    0x0800a3bc   0x0800a3bc   0x00000048   Code   RO         8763    i.start_command_process  communication.o
    0x0800a404   0x0800a404   0x000004f8   Code   RO         9680    i.stepper_gpio_init  stepper_gpio.o
    0x0800a8fc   0x0800a8fc   0x0000002a   Code   RO         8764    i.store_char        communication.o
    0x0800a926   0x0800a926   0x0000000c   Code   RO         9571    i.timer_init        timer.o
    0x0800a932   0x0800a932   0x00000002   PAD
    0x0800a934   0x0800a934   0x000006f0   Code   RO         9384    i.timer_isr         stepper.o
    0x0800b024   0x0800b024   0x0000006c   Code   RO         9385    i.trapezoid_generator_reset  stepper.o
    0x0800b090   0x0800b090   0x00000018   Data   RO           15    .constdata          system_stm32f4xx.o
    0x0800b0a8   0x0800b0a8   0x00000006   Data   RO         8766    .constdata          communication.o
    0x0800b0ae   0x0800b0ae   0x00000002   PAD
    0x0800b0b0   0x0800b0b0   0x00000050   Data   RO         9789    .constdata          m_wm.l(acos.o)
    0x0800b100   0x0800b100   0x00000088   Data   RO         9857    .constdata          m_wm.l(pow.o)
    0x0800b188   0x0800b188   0x00000098   Data   RO        10207    .constdata          m_wm.l(atan.o)
    0x0800b220   0x0800b220   0x00000030   Data   RO        10219    .constdata          m_wm.l(cos_i.o)
    0x0800b250   0x0800b250   0x00000008   Data   RO        10239    .constdata          m_wm.l(qnan.o)
    0x0800b258   0x0800b258   0x000000c8   Data   RO        10242    .constdata          m_wm.l(rred.o)
    0x0800b320   0x0800b320   0x00000028   Data   RO        10246    .constdata          m_wm.l(sin_i.o)
    0x0800b348   0x0800b348   0x00000081   Data   RO        10275    .constdata          mc_w.l(ctype_o.o)
    0x0800b3c9   0x0800b3c9   0x00000003   PAD
    0x0800b3cc   0x0800b3cc   0x00000004   Data   RO        10276    .constdata          mc_w.l(ctype_o.o)
    0x0800b3d0   0x0800b3d0   0x0000011a   Data   RO         8767    .conststring        communication.o
    0x0800b4ea   0x0800b4ea   0x00000002   PAD
    0x0800b4ec   0x0800b4ec   0x00000020   Data   RO        10349    Region$$Table       anon$$obj.o


    Execution Region RW_IRAM2 (Exec base: 0x10000000, Load base: 0x0800b578, Size: 0x00000000, Max: 0x00010000, ABSOLUTE)

    **** No section assigned to this execution region ****


    Execution Region RW_IRAM1 (Exec base: 0x20000000, Load base: 0x0800b50c, Size: 0x000012d8, Max: 0x00020000, ABSOLUTE, COMPRESSED[0x0000006c])

    Exec Addr    Load Addr    Size         Type   Attr      Idx    E Section Name        Object

    0x20000000   COMPRESSED   0x00000004   Data   RW           16    .data               system_stm32f4xx.o
    0x20000004   COMPRESSED   0x00000009   Data   RW          277    .data               stm32f4xx_hal.o
    0x2000000d   COMPRESSED   0x00000003   PAD
    0x20000010   COMPRESSED   0x000000a8   Data   RW         8768    .data               communication.o
    0x200000b8   COMPRESSED   0x0000000c   Data   RW         9198    .data               motion_control.o
    0x200000c4   COMPRESSED   0x0000006e   Data   RW         9250    .data               planner.o
    0x20000132   COMPRESSED   0x00000002   PAD
    0x20000134   COMPRESSED   0x00000048   Data   RW         9387    .data               stepper.o
    0x2000017c   COMPRESSED   0x00000004   Data   RW         9573    .data               timer.o
    0x20000180   COMPRESSED   0x00000014   Data   RW         9715    .data               leveling.o
    0x20000194   COMPRESSED   0x00000004   Data   RW        10265    .data               mc_w.l(stdout.o)
    0x20000198   COMPRESSED   0x00000004   Data   RW        10305    .data               mc_w.l(errno.o)
    0x2000019c        -       0x000004e8   Zero   RW         8765    .bss                communication.o
    0x20000684        -       0x0000000c   Zero   RW         9197    .bss                motion_control.o
    0x20000690        -       0x000005ec   Zero   RW         9248    .bss                planner.o
    0x20000c7c        -       0x000000b4   Zero   RW         9386    .bss                stepper.o
    0x20000d30        -       0x00000080   Zero   RW         9475    .bss                usart.o
    0x20000db0        -       0x00000080   Zero   RW         9572    .bss                timer.o
    0x20000e30        -       0x000000a4   Zero   RW         9714    .bss                leveling.o
    0x20000ed4   COMPRESSED   0x00000004   PAD
    0x20000ed8        -       0x00000400   Zero   RW            1    STACK               startup_stm32f407xx.o


==============================================================================

Image component sizes


      Code (inc. data)   RO Data    RW Data    ZI Data      Debug   Object Name

      5654        842        288        168       1256      16406   communication.o
      1296        366          0          0          0      22871   connect_bsp.o
       164         30          0          0          0       1966   delay.o
       244         26          0          0          0       1026   led.o
      2004        268          0         20        164       7889   leveling.o
       308         74          0          0          0       3810   main.o
      1322         16          0         12         12       3095   motion_control.o
      7576        354          0        110       1516      16806   planner.o
        36          8        392          0       1024        964   startup_stm32f407xx.o
      2472        328          0         72        180      10446   stepper.o
      1272         40          0          0          0       2392   stepper_gpio.o
        24          8          0          9          0       2101   stm32f4xx_hal.o
       212         14          0          0          0      32943   stm32f4xx_hal_cortex.o
        40          0          0          0          0       1139   stm32f4xx_hal_dma.o
       512         46          0          0          0       1672   stm32f4xx_hal_gpio.o
      1732         84          0          0          0       5584   stm32f4xx_hal_rcc.o
       726         46          0          0          0       6418   stm32f4xx_hal_tim.o
         4          0          0          0          0       1589   stm32f4xx_hal_tim_ex.o
      2218         12          0          0          0       9651   stm32f4xx_hal_uart.o
        88          8          0          0          0       5143   stm32f4xx_it.o
        84         16         24          4          0     689707   system_stm32f4xx.o
       312         58          0          4        128       4773   timer.o
       334         28          0          0        128       3588   usart.o

    ----------------------------------------------------------------------
     28656       2672        740        404       4412     851979   Object Totals
         0          0         32          0          0          0   (incl. Generated)
        22          0          4          5          4          0   (incl. Padding)

    ----------------------------------------------------------------------

      Code (inc. data)   RO Data    RW Data    ZI Data      Debug   Library Member Name

       856        118         80          0          0        288   acos.o
       744        106        152          0          0        352   atan.o
       496         64          0          0          0        192   atan2.o
       280         28          0          0          0        156   ceil.o
       200         20          0          0          0        164   cos.o
       368         46         48          0          0        200   cos_i.o
       184         44          0          0          0        744   dunder.o
        44          0          0          0          0        248   fabs.o
       280         28          0          0          0        156   floor.o
        48          0          0          0          0        124   fpclassify.o
       888         42          0          0          0        192   hypot.o
       256         46          0          0          0        172   lround.o
       248          0          0          0          0        152   poly.o
      3152        296        136          0          0        352   pow.o
         0          0          8          0          0          0   qnan.o
      1080        142        200          0          0        188   rred.o
       200         20          0          0          0        164   sin.o
       304         24         40          0          0        208   sin_i.o
       232          0          0          0          0        296   sqrt.o
        40         10          0          0          0        128   strtod.o
        86          0          0          0          0          0   __dczerorl2.o
        28          0          0          0          0         68   _chval.o
        64          0          0          0          0         84   _sgetc.o
       158          0          0          0          0         92   _strtoul.o
         8          4        133          0          0         68   ctype_o.o
         0          0          0          0          0          0   entry.o
         0          0          0          0          0          0   entry10a.o
         0          0          0          0          0          0   entry11a.o
         8          4          0          0          0          0   entry2.o
         4          0          0          0          0          0   entry5.o
         0          0          0          0          0          0   entry7b.o
         0          0          0          0          0          0   entry8b.o
         8          4          0          0          0          0   entry9a.o
        20         10          0          4          0        136   errno.o
        30          0          0          0          0          0   handlers.o
        36          8          0          0          0         68   init.o
        18          0          0          0          0         76   isspace_o.o
         0          0          0          0          0          0   iusefp.o
        30          0          0          0          0         68   llshl.o
        36          0          0          0          0         68   llsshr.o
        32          0          0          0          0         68   llushr.o
        36          0          0          0          0        108   memseta.o
      2258         90          0          0          0        452   printfa.o
       878         12          0          0          0        216   scanf_fp.o
         0          0          0          4          0          0   stdout.o
        20          0          0          0          0         68   strchr.o
        36          0          0          0          0         80   strstr.o
       156         12          0          0          0        120   strtod.o
       112          0          0          0          0         88   strtol.o
        44          0          0          0          0         80   uidiv.o
        98          0          0          0          0         92   uldiv.o
        48          0          0          0          0         68   cdcmple.o
        48          0          0          0          0         68   cdrcmple.o
        56          0          0          0          0         88   d2f.o
       334          0          0          0          0        148   dadd.o
       222          0          0          0          0        100   ddiv.o
       186          0          0          0          0        176   depilogue.o
        62          0          0          0          0         80   dfixi.o
       168          0          0          0          0         88   dfixir.o
        50          0          0          0          0         76   dfixui.o
        48          0          0          0          0         68   dfixul.o
        34          0          0          0          0         76   dflti.o
        26          0          0          0          0         76   dfltui.o
        24          0          0          0          0         76   dfltul.o
       228          0          0          0          0         96   dmul.o
       136          4          0          0          0         92   drnd.o
        46          0          0          0          0         80   dscalb.o
       162          0          0          0          0        100   dsqrt.o
        38          0          0          0          0         68   f2d.o
       110          0          0          0          0        168   fepilogue.o

    ----------------------------------------------------------------------
     16152       1182        800          8          0       8368   Library Totals
        22          0          3          0          0          0   (incl. Padding)

    ----------------------------------------------------------------------

      Code (inc. data)   RO Data    RW Data    ZI Data      Debug   Library Name

      9900       1034        664          0          0       4476   m_wm.l
      4204        144        133          8          0       2100   mc_w.l
      2026          4          0          0          0       1792   mf_w.l

    ----------------------------------------------------------------------
     16152       1182        800          8          0       8368   Library Totals

    ----------------------------------------------------------------------

==============================================================================


      Code (inc. data)   RO Data    RW Data    ZI Data      Debug   

     44808       3854       1540        412       4412     840243   Grand Totals
     44808       3854       1540        108       4412     840243   ELF Image Totals (compressed)
     44808       3854       1540        108          0          0   ROM Totals

==============================================================================

    Total RO  Size (Code + RO Data)                46348 (  45.26kB)
    Total RW  Size (RW Data + ZI Data)              4824 (   4.71kB)
    Total ROM Size (Code + RO Data + RW Data)      46456 (  45.37kB)

==============================================================================

