<html>
<body>
<pre>
<h1>µVision Build Log</h1>
<h2>Tool Versions:</h2>
IDE-Version: ¦ÌVision V5.24.2.0
Copyright (C) 2017 ARM Ltd and ARM Germany GmbH. All rights reserved.
License Information: 1 1, 1, LIC=65ISZ-J14K4-PCWJ8-3XKD8-QT65W-3P325
 
Tool Versions:
Toolchain:       MDK-ARM Plus  Version: 5.24.1
Toolchain Path:  C:\Keil_v5\ARM\ARMCC\Bin
C Compiler:      Armcc.exe V5.06 update 5 (build 528)
Assembler:       Armasm.exe V5.06 update 5 (build 528)
Linker/Locator:  ArmLink.exe V5.06 update 5 (build 528)
Library Manager: ArmAr.exe V5.06 update 5 (build 528)
Hex Converter:   FromElf.exe V5.06 update 5 (build 528)
CPU DLL:         SARMCM3.DLL V5.24.1
Dialog DLL:      DCM.DLL V1.16.0.0
Target DLL:      CMSIS_AGDI.dll V1.28.3.0
Dialog DLL:      TCM.DLL V1.32.0.0
 
<h2>Project:</h2>
D:\Open5x\3DP_11_27_change\3DP_PZT_VALVE\Project\3DP_PZT_VALVE.uvprojx
Project File Date:  03/20/2025

<h2>Output:</h2>
*** Using Compiler 'V5.06 update 5 (build 528)', folder: 'C:\Keil_v5\ARM\ARMCC\Bin'
Build target '3DP'
compiling main.c...
compiling stepper.c...
compiling timer.c...
compiling stm32f4xx_it.c...
compiling motion_control.c...
compiling communication.c...
compiling connect_bsp.c...
compiling leveling.c...
compiling planner.c...
..\Marlin\planner.c(730): warning:  #1035-D: single-precision operand implicitly converted to double-precision
    position[
_AXIS] = 
ound(x*axis_steps_per_unit[X_AXIS]);
..\Marlin\planner.c(730): warning:  #1035-D: single-precision operand implicitly converted to double-precision
    position[
_AXIS] = 
ound(x*axis_steps_per_unit[X_AXIS]);
..\Marlin\planner.c(731): warning:  #1035-D: single-precision operand implicitly converted to double-precision
    position[
_AXIS] = 
ound(y*axis_steps_per_unit[Y_AXIS]);
..\Marlin\planner.c(731): warning:  #1035-D: single-precision operand implicitly converted to double-precision
    position[
_AXIS] = 
ound(y*axis_steps_per_unit[Y_AXIS]);
..\Marlin\planner.c(732): warning:  #1035-D: single-precision operand implicitly converted to double-precision
    position[
_AXIS] = 
ound(z*axis_steps_per_unit[Z_AXIS]);     
..\Marlin\planner.c(732): warning:  #1035-D: single-precision operand implicitly converted to double-precision
    position[
_AXIS] = 
ound(z*axis_steps_per_unit[Z_AXIS]);     
..\Marlin\planner.c(733): warning:  #1035-D: single-precision operand implicitly converted to double-precision
    position[
_AXIS] = 
ound(e*axis_steps_per_unit[E_AXIS]);  
..\Marlin\planner.c(733): warning:  #1035-D: single-precision operand implicitly converted to double-precision
    position[
_AXIS] = 
ound(e*axis_steps_per_unit[E_AXIS]);  
..\Marlin\planner.c(734): warning:  #1035-D: single-precision operand implicitly converted to double-precision
    position[
_AXIS] = 
ound(a*axis_steps_per_unit[A_AXIS]); // æ·»åŠ Aè½?
..\Marlin\planner.c(734): warning:  #1035-D: single-precision operand implicitly converted to double-precision
    position[
_AXIS] = 
ound(a*axis_steps_per_unit[A_AXIS]); // æ·»åŠ Aè½?
..\Marlin\planner.c(735): warning:  #1035-D: single-precision operand implicitly converted to double-precision
    position[
_AXIS] = 
ound(b*axis_steps_per_unit[B_AXIS]); // æ·»åŠ Bè½?
..\Marlin\planner.c(735): warning:  #1035-D: single-precision operand implicitly converted to double-precision
    position[
_AXIS] = 
ound(b*axis_steps_per_unit[B_AXIS]); // æ·»åŠ Bè½?
..\Marlin\planner.c(748): warning:  #1035-D: single-precision operand implicitly converted to double-precision
  	  position[
_AXIS] = 
ound(e*axis_steps_per_unit[E_AXIS]); 
..\Marlin\planner.c(748): warning:  #1035-D: single-precision operand implicitly converted to double-precision
  	  position[
_AXIS] = 
ound(e*axis_steps_per_unit[E_AXIS]); 
..\Marlin\planner.c: 14 warnings, 0 errors
linking...
Program Size: Code=44808 RO-data=1540 RW-data=412 ZI-data=4412  
FromELF: creating hex file...
".\Objects\3DP_PZT_VALVE.axf" - 0 Error(s), 14 Warning(s).

<h2>Software Packages used:</h2>

Package Vendor: Keil
                http://www.keil.com/pack/Keil.STM32F4xx_DFP.1.0.8.pack
                Keil.STM32F4xx_DFP.1.0.8
                STMicroelectronics STM32F4 Series Device Support, Drivers and Examples

<h2>Collection of Component include folders:</h2>
  .\RTE\_3DP
  C:\Keil_v5\ARM\PACK\Keil\STM32F4xx_DFP\1.0.8\Device\Include

<h2>Collection of Component Files used:</h2>
Build Time Elapsed:  00:00:09
</pre>
</body>
</html>
